Component: ARM Compiler 5.05 update 2 (build 169) Tool: armlink [4d0f33]

==============================================================================

Section Cross References

    main.o(i.main) refers to sys.o(i.sys_init) for sys_init
    main.o(i.main) refers to sys.o(i.sys_start) for sys_start
    app_emmc.o(i.emmc_info) refers to ff.o(i.f_getfree) for f_getfree
    app_emmc.o(i.emmc_info) refers to printfa.o(i.__0printf) for __2printf
    app_emmc.o(i.emmc_info) refers to f2d.o(.text) for __aeabi_f2d
    app_emmc.o(i.emmc_info) refers to app_emmc.o(.bss) for my_fs
    app_emmc.o(i.emmc_init) refers to app_emmc.o(i.emmc_mount) for emmc_mount
    app_emmc.o(i.emmc_init) refers to app_emmc.o(i.emmc_info) for emmc_info
    app_emmc.o(i.emmc_init) refers to memseta.o(.text) for __aeabi_memclr4
    app_emmc.o(i.emmc_init) refers to drv_emmc.o(i.EMMC_WriteMultiBlocks) for EMMC_WriteMultiBlocks
    app_emmc.o(i.emmc_init) refers to printfa.o(i.__0printf) for __2printf
    app_emmc.o(i.emmc_init) refers to drv_emmc.o(i.EMMC_ReadMultiBlocks) for EMMC_ReadMultiBlocks
    app_emmc.o(i.emmc_init) refers to memcmp.o(.text) for memcmp
    app_emmc.o(i.emmc_mkdir) refers to ff.o(i.f_mkdir) for f_mkdir
    app_emmc.o(i.emmc_mkdir) refers to printfa.o(i.__0printf) for __2printf
    app_emmc.o(i.emmc_mount) refers to ff.o(i.f_mount) for f_mount
    app_emmc.o(i.emmc_mount) refers to printfa.o(i.__0printf) for __2printf
    app_emmc.o(i.emmc_mount) refers to ff.o(i.f_mkfs) for f_mkfs
    app_emmc.o(i.emmc_mount) refers to app_emmc.o(.bss) for my_fs
    app_emmc.o(i.emmc_speed_test_read) refers to ff.o(i.f_open) for f_open
    app_emmc.o(i.emmc_speed_test_read) refers to printfa.o(i.__0printf) for __2printf
    app_emmc.o(i.emmc_speed_test_read) refers to malloc.o(i.malloc) for malloc
    app_emmc.o(i.emmc_speed_test_read) refers to memseta.o(.text) for __aeabi_memclr
    app_emmc.o(i.emmc_speed_test_read) refers to sys_delay.o(i.sys_time_get_ms) for sys_time_get_ms
    app_emmc.o(i.emmc_speed_test_read) refers to ff.o(i.f_read) for f_read
    app_emmc.o(i.emmc_speed_test_read) refers to ff.o(i.f_close) for f_close
    app_emmc.o(i.emmc_speed_test_read) refers to malloc.o(i.free) for free
    app_emmc.o(i.emmc_speed_test_read) refers to memcmp.o(.text) for memcmp
    app_emmc.o(i.emmc_speed_test_read) refers to app_emmc.o(.data) for flag
    app_emmc.o(i.emmc_speed_test_read) refers to app_emmc.o(.bss) for fd
    app_emmc.o(i.emmc_speed_test_write) refers to ff.o(i.f_mkdir) for f_mkdir
    app_emmc.o(i.emmc_speed_test_write) refers to printfa.o(i.__0printf) for __2printf
    app_emmc.o(i.emmc_speed_test_write) refers to ff.o(i.f_unlink) for f_unlink
    app_emmc.o(i.emmc_speed_test_write) refers to ff.o(i.f_open) for f_open
    app_emmc.o(i.emmc_speed_test_write) refers to malloc.o(i.malloc) for malloc
    app_emmc.o(i.emmc_speed_test_write) refers to memseta.o(.text) for __aeabi_memset
    app_emmc.o(i.emmc_speed_test_write) refers to sys_delay.o(i.sys_time_get_ms) for sys_time_get_ms
    app_emmc.o(i.emmc_speed_test_write) refers to sys_delay.o(i.sys_time_get_us) for sys_time_get_us
    app_emmc.o(i.emmc_speed_test_write) refers to ff.o(i.f_write) for f_write
    app_emmc.o(i.emmc_speed_test_write) refers to ff.o(i.f_sync) for f_sync
    app_emmc.o(i.emmc_speed_test_write) refers to malloc.o(i.free) for free
    app_emmc.o(i.emmc_speed_test_write) refers to ff.o(i.f_close) for f_close
    app_emmc.o(i.emmc_speed_test_write) refers to app_emmc.o(.data) for flag
    app_emmc.o(i.emmc_speed_test_write) refers to app_emmc.o(.bss) for fd
    diskio.o(i.disk_initialize) refers to drv_emmc.o(i.EMMC_Init) for EMMC_Init
    diskio.o(i.disk_ioctl) refers to uldiv.o(.text) for __aeabi_uldivmod
    diskio.o(i.disk_ioctl) refers to drv_emmc.o(.bss) for MyEMMC_CardInfo
    diskio.o(i.disk_read) refers to drv_emmc.o(i.EMMC_ReadMultiBlocks) for EMMC_ReadMultiBlocks
    diskio.o(i.disk_read) refers to drv_emmc.o(i.EMMC_WaitReadOperation) for EMMC_WaitReadOperation
    diskio.o(i.disk_read) refers to drv_emmc.o(i.EMMC_GetStatus) for EMMC_GetStatus
    diskio.o(i.disk_read) refers to drv_emmc.o(.bss) for MyEMMC_CardInfo
    diskio.o(i.disk_write) refers to drv_emmc.o(i.EMMC_WriteMultiBlocks) for EMMC_WriteMultiBlocks
    diskio.o(i.disk_write) refers to drv_emmc.o(i.EMMC_WaitWriteOperation) for EMMC_WaitWriteOperation
    diskio.o(i.disk_write) refers to drv_emmc.o(i.EMMC_GetStatus) for EMMC_GetStatus
    diskio.o(i.disk_write) refers to drv_emmc.o(.bss) for MyEMMC_CardInfo
    diskio.o(i.get_fattime) refers to stm32f4xx_rtc.o(i.RTC_GetTime) for RTC_GetTime
    diskio.o(i.get_fattime) refers to stm32f4xx_rtc.o(i.RTC_GetDate) for RTC_GetDate
    ff.o(i.check_fs) refers to ff.o(i.move_window) for move_window
    ff.o(i.create_chain) refers to ff.o(i.get_fat) for get_fat
    ff.o(i.create_chain) refers to ff.o(i.put_fat) for put_fat
    ff.o(i.create_name) refers to ff.o(i.mem_set) for mem_set
[...]
    __rt_final_cpp                           0x080001bd   Thumb Code     0  entry10a.o(.ARM.Collect$$$$0000000D)
    __rt_final_exit                          0x080001bd   Thumb Code     0  entry11a.o(.ARM.Collect$$$$0000000F)
    CPU_IntDis                               0x080001c1   Thumb Code     0  cpu_a.o(.text)
    CPU_IntEn                                0x080001c5   Thumb Code     0  cpu_a.o(.text)
    CPU_SR_Save                              0x080001c9   Thumb Code     0  cpu_a.o(.text)
    CPU_SR_Restore                           0x080001d1   Thumb Code     0  cpu_a.o(.text)
    CPU_WaitForInt                           0x080001d7   Thumb Code     0  cpu_a.o(.text)
    CPU_WaitForExcept                        0x080001db   Thumb Code     0  cpu_a.o(.text)
    CPU_CntLeadZeros                         0x080001df   Thumb Code     0  cpu_a.o(.text)
    CPU_CntTrailZeros                        0x080001e5   Thumb Code     0  cpu_a.o(.text)
    CPU_RevBits                              0x080001ef   Thumb Code     0  cpu_a.o(.text)
    Reset_Handler                            0x080001f5   Thumb Code    40  startup_stm32f427_437xx.o(.text)
    NMI_Handler                              0x0800021d   Thumb Code     2  startup_stm32f427_437xx.o(.text)
    HardFault_Handler                        0x0800021f   Thumb Code     2  startup_stm32f427_437xx.o(.text)
    MemManage_Handler                        0x08000221   Thumb Code     2  startup_stm32f427_437xx.o(.text)
    BusFault_Handler                         0x08000223   Thumb Code     2  startup_stm32f427_437xx.o(.text)
    UsageFault_Handler                       0x08000225   Thumb Code     2  startup_stm32f427_437xx.o(.text)
    SVC_Handler                              0x08000227   Thumb Code     2  startup_stm32f427_437xx.o(.text)
    DebugMon_Handler                         0x08000229   Thumb Code     2  startup_stm32f427_437xx.o(.text)
    ADC_IRQHandler                           0x0800022f   Thumb Code     0  startup_stm32f427_437xx.o(.text)
    CAN1_RX0_IRQHandler                      0x0800022f   Thumb Code     0  startup_stm32f427_437xx.o(.text)
    CAN1_RX1_IRQHandler                      0x0800022f   Thumb Code     0  startup_stm32f427_437xx.o(.text)
    CAN1_SCE_IRQHandler                      0x0800022f   Thumb Code     0  startup_stm32f427_437xx.o(.text)
    CAN1_TX_IRQHandler                       0x0800022f   Thumb Code     0  startup_stm32f427_437xx.o(.text)
    CAN2_RX0_IRQHandler                      0x0800022f   Thumb Code     0  startup_stm32f427_437xx.o(.text)
    CAN2_RX1_IRQHandler                      0x0800022f   Thumb Code     0  startup_stm32f427_437xx.o(.text)
    CAN2_SCE_IRQHandler                      0x0800022f   Thumb Code     0  startup_stm32f427_437xx.o(.text)
    CAN2_TX_IRQHandler                       0x0800022f   Thumb Code     0  startup_stm32f427_437xx.o(.text)
    CRYP_IRQHandler                          0x0800022f   Thumb Code     0  startup_stm32f427_437xx.o(.text)
    DCMI_IRQHandler                          0x0800022f   Thumb Code     0  startup_stm32f427_437xx.o(.text)
    DMA1_Stream0_IRQHandler                  0x0800022f   Thumb Code     0  startup_stm32f427_437xx.o(.text)
    DMA1_Stream1_IRQHandler                  0x0800022f   Thumb Code     0  startup_stm32f427_437xx.o(.text)
    DMA1_Stream2_IRQHandler                  0x0800022f   Thumb Code     0  startup_stm32f427_437xx.o(.text)
    DMA1_Stream3_IRQHandler                  0x0800022f   Thumb Code     0  startup_stm32f427_437xx.o(.text)
    DMA1_Stream4_IRQHandler                  0x0800022f   Thumb Code     0  startup_stm32f427_437xx.o(.text)
    DMA1_Stream5_IRQHandler                  0x0800022f   Thumb Code     0  startup_stm32f427_437xx.o(.text)
    DMA1_Stream6_IRQHandler                  0x0800022f   Thumb Code     0  startup_stm32f427_437xx.o(.text)
    DMA1_Stream7_IRQHandler                  0x0800022f   Thumb Code     0  startup_stm32f427_437xx.o(.text)
    DMA2D_IRQHandler                         0x0800022f   Thumb Code     0  startup_stm32f427_437xx.o(.text)
    DMA2_Stream0_IRQHandler                  0x0800022f   Thumb Code     0  startup_stm32f427_437xx.o(.text)
    DMA2_Stream1_IRQHandler                  0x0800022f   Thumb Code     0  startup_stm32f427_437xx.o(.text)
    DMA2_Stream2_IRQHandler                  0x0800022f   Thumb Code     0  startup_stm32f427_437xx.o(.text)
    DMA2_Stream4_IRQHandler                  0x0800022f   Thumb Code     0  startup_stm32f427_437xx.o(.text)
    DMA2_Stream5_IRQHandler                  0x0800022f   Thumb Code     0  startup_stm32f427_437xx.o(.text)
    DMA2_Stream6_IRQHandler                  0x0800022f   Thumb Code     0  startup_stm32f427_437xx.o(.text)
    DMA2_Stream7_IRQHandler                  0x0800022f   Thumb Code     0  startup_stm32f427_437xx.o(.text)
    ETH_IRQHandler                           0x0800022f   Thumb Code     0  startup_stm32f427_437xx.o(.text)
    ETH_WKUP_IRQHandler                      0x0800022f   Thumb Code     0  startup_stm32f427_437xx.o(.text)
    EXTI0_IRQHandler                         0x0800022f   Thumb Code     0  startup_stm32f427_437xx.o(.text)
    EXTI15_10_IRQHandler                     0x0800022f   Thumb Code     0  startup_stm32f427_437xx.o(.text)
    EXTI1_IRQHandler                         0x0800022f   Thumb Code     0  startup_stm32f427_437xx.o(.text)
    EXTI2_IRQHandler                         0x0800022f   Thumb Code     0  startup_stm32f427_437xx.o(.text)
    EXTI3_IRQHandler                         0x0800022f   Thumb Code     0  startup_stm32f427_437xx.o(.text)
    EXTI4_IRQHandler                         0x0800022f   Thumb Code     0  startup_stm32f427_437xx.o(.text)
    EXTI9_5_IRQHandler                       0x0800022f   Thumb Code     0  startup_stm32f427_437xx.o(.text)
    FLASH_IRQHandler                         0x0800022f   Thumb Code     0  startup_stm32f427_437xx.o(.text)
    FMC_IRQHandler                           0x0800022f   Thumb Code     0  startup_stm32f427_437xx.o(.text)
    FPU_IRQHandler                           0x0800022f   Thumb Code     0  startup_stm32f427_437xx.o(.text)
    HASH_RNG_IRQHandler                      0x0800022f   Thumb Code     0  startup_stm32f427_437xx.o(.text)
    I2C1_ER_IRQHandler                       0x0800022f   Thumb Code     0  startup_stm32f427_437xx.o(.text)
    I2C1_EV_IRQHandler                       0x0800022f   Thumb Code     0  startup_stm32f427_437xx.o(.text)
    I2C2_ER_IRQHandler                       0x0800022f   Thumb Code     0  startup_stm32f427_437xx.o(.text)
    I2C2_EV_IRQHandler                       0x0800022f   Thumb Code     0  startup_stm32f427_437xx.o(.text)
    I2C3_ER_IRQHandler                       0x0800022f   Thumb Code     0  startup_stm32f427_437xx.o(.text)
    I2C3_EV_IRQHandler                       0x0800022f   Thumb Code     0  startup_stm32f427_437xx.o(.text)
    OTG_FS_IRQHandler                        0x0800022f   Thumb Code     0  startup_stm32f427_437xx.o(.text)
    OTG_FS_WKUP_IRQHandler                   0x0800022f   Thumb Code     0  startup_stm32f427_437xx.o(.text)
    OTG_HS_EP1_IN_IRQHandler                 0x0800022f   Thumb Code     0  startup_stm32f427_437xx.o(.text)
    OTG_HS_EP1_OUT_IRQHandler                0x0800022f   Thumb Code     0  startup_stm32f427_437xx.o(.text)
    OTG_HS_IRQHandler                        0x0800022f   Thumb Code     0  startup_stm32f427_437xx.o(.text)
    OTG_HS_WKUP_IRQHandler                   0x0800022f   Thumb Code     0  startup_stm32f427_437xx.o(.text)
    PVD_IRQHandler                           0x0800022f   Thumb Code     0  startup_stm32f427_437xx.o(.text)
    RCC_IRQHandler                           0x0800022f   Thumb Code     0  startup_stm32f427_437xx.o(.text)
    RTC_Alarm_IRQHandler                     0x0800022f   Thumb Code     0  startup_stm32f427_437xx.o(.text)
    RTC_WKUP_IRQHandler                      0x0800022f   Thumb Code     0  startup_stm32f427_437xx.o(.text)
    SAI1_IRQHandler                          0x0800022f   Thumb Code     0  startup_stm32f427_437xx.o(.text)
    SPI1_IRQHandler                          0x0800022f   Thumb Code     0  startup_stm32f427_437xx.o(.text)
    SPI2_IRQHandler                          0x0800022f   Thumb Code     0  startup_stm32f427_437xx.o(.text)
    SPI3_IRQHandler                          0x0800022f   Thumb Code     0  startup_stm32f427_437xx.o(.text)
    SPI4_IRQHandler                          0x0800022f   Thumb Code     0  startup_stm32f427_437xx.o(.text)
    SPI5_IRQHandler                          0x0800022f   Thumb Code     0  startup_stm32f427_437xx.o(.text)
    SPI6_IRQHandler                          0x0800022f   Thumb Code     0  startup_stm32f427_437xx.o(.text)
    TAMP_STAMP_IRQHandler                    0x0800022f   Thumb Code     0  startup_stm32f427_437xx.o(.text)
    TIM1_BRK_TIM9_IRQHandler                 0x0800022f   Thumb Code     0  startup_stm32f427_437xx.o(.text)
    TIM1_CC_IRQHandler                       0x0800022f   Thumb Code     0  startup_stm32f427_437xx.o(.text)
    TIM1_TRG_COM_TIM11_IRQHandler            0x0800022f   Thumb Code     0  startup_stm32f427_437xx.o(.text)
    TIM1_UP_TIM10_IRQHandler                 0x0800022f   Thumb Code     0  startup_stm32f427_437xx.o(.text)
    TIM2_IRQHandler                          0x0800022f   Thumb Code     0  startup_stm32f427_437xx.o(.text)
    TIM3_IRQHandler                          0x0800022f   Thumb Code     0  startup_stm32f427_437xx.o(.text)
    TIM4_IRQHandler                          0x0800022f   Thumb Code     0  startup_stm32f427_437xx.o(.text)
    TIM5_IRQHandler                          0x0800022f   Thumb Code     0  startup_stm32f427_437xx.o(.text)
    TIM6_DAC_IRQHandler                      0x0800022f   Thumb Code     0  startup_stm32f427_437xx.o(.text)
    TIM7_IRQHandler                          0x0800022f   Thumb Code     0  startup_stm32f427_437xx.o(.text)
    TIM8_BRK_TIM12_IRQHandler                0x0800022f   Thumb Code     0  startup_stm32f427_437xx.o(.text)
    TIM8_CC_IRQHandler                       0x0800022f   Thumb Code     0  startup_stm32f427_437xx.o(.text)
    TIM8_TRG_COM_TIM14_IRQHandler            0x0800022f   Thumb Code     0  startup_stm32f427_437xx.o(.text)
    TIM8_UP_TIM13_IRQHandler                 0x0800022f   Thumb Code     0  startup_stm32f427_437xx.o(.text)
    UART4_IRQHandler                         0x0800022f   Thumb Code     0  startup_stm32f427_437xx.o(.text)
    UART5_IRQHandler                         0x0800022f   Thumb Code     0  startup_stm32f427_437xx.o(.text)
    UART7_IRQHandler                         0x0800022f   Thumb Code     0  startup_stm32f427_437xx.o(.text)
    UART8_IRQHandler                         0x0800022f   Thumb Code     0  startup_stm32f427_437xx.o(.text)
    USART1_IRQHandler                        0x0800022f   Thumb Code     0  startup_stm32f427_437xx.o(.text)
    USART2_IRQHandler                        0x0800022f   Thumb Code     0  startup_stm32f427_437xx.o(.text)
    USART3_IRQHandler                        0x0800022f   Thumb Code     0  startup_stm32f427_437xx.o(.text)
    USART6_IRQHandler                        0x0800022f   Thumb Code     0  startup_stm32f427_437xx.o(.text)
    WWDG_IRQHandler                          0x0800022f   Thumb Code     0  startup_stm32f427_437xx.o(.text)
    __aeabi_uldivmod                         0x08000241   Thumb Code    98  uldiv.o(.text)
    __aeabi_memset                           0x080002a3   Thumb Code    14  memseta.o(.text)
    __aeabi_memset4                          0x080002a3   Thumb Code     0  memseta.o(.text)
    __aeabi_memset8                          0x080002a3   Thumb Code     0  memseta.o(.text)
    __aeabi_memclr                           0x080002b1   Thumb Code     4  memseta.o(.text)
    __aeabi_memclr4                          0x080002b1   Thumb Code     0  memseta.o(.text)
    __aeabi_memclr8                          0x080002b1   Thumb Code     0  memseta.o(.text)
    _memset$wrapper                          0x080002b5   Thumb Code    18  memseta.o(.text)
    memcmp                                   0x080002c7   Thumb Code    26  memcmp.o(.text)
    __aeabi_f2d                              0x080002e1   Thumb Code    38  f2d.o(.text)
    __aeabi_uidiv                            0x08000307   Thumb Code     0  uidiv.o(.text)
    __aeabi_uidivmod                         0x08000307   Thumb Code    44  uidiv.o(.text)
    __aeabi_llsl                             0x08000333   Thumb Code    30  llshl.o(.text)
    _ll_shift_l                              0x08000333   Thumb Code     0  llshl.o(.text)
    __aeabi_llsr                             0x08000351   Thumb Code    32  llushr.o(.text)
    _ll_ushift_r                             0x08000351   Thumb Code     0  llushr.o(.text)
    __I$use$fp                               0x08000371   Thumb Code     0  iusefp.o(.text)
    __aeabi_dadd                             0x08000371   Thumb Code   322  dadd.o(.text)
    __aeabi_dsub                             0x080004b3   Thumb Code     6  dadd.o(.text)
    __aeabi_drsub                            0x080004b9   Thumb Code     6  dadd.o(.text)
    __aeabi_dmul                             0x080004bf   Thumb Code   228  dmul.o(.text)
    __aeabi_ddiv                             0x080005a3   Thumb Code   222  ddiv.o(.text)
    __aeabi_d2ulz                            0x08000681   Thumb Code    48  dfixul.o(.text)
    __aeabi_cdrcmple                         0x080006b1   Thumb Code    48  cdrcmple.o(.text)
    __scatterload                            0x080006e1   Thumb Code    28  init.o(.text)
    __scatterload_rt2                        0x080006e1   Thumb Code     0  init.o(.text)
    __aeabi_lasr                             0x08000705   Thumb Code    36  llsshr.o(.text)
    _ll_sshift_r                             0x08000705   Thumb Code     0  llsshr.o(.text)
    _double_round                            0x08000729   Thumb Code    30  depilogue.o(.text)
    _double_epilogue                         0x08000747   Thumb Code   156  depilogue.o(.text)
    __decompress                             0x080007e3   Thumb Code     0  __dczerorl2.o(.text)
    __decompress1                            0x080007e3   Thumb Code    86  __dczerorl2.o(.text)
    OS_CPU_FP_Reg_Push                       0x08000839   Thumb Code     0  os_cpu_a.o(CODE)
    OS_CPU_FP_Reg_Pop                        0x08000853   Thumb Code     0  os_cpu_a.o(CODE)
    OSStartHighRdy                           0x08000865   Thumb Code     0  os_cpu_a.o(CODE)
    OSCtxSw                                  0x080008e1   Thumb Code     0  os_cpu_a.o(CODE)
    OSIntCtxSw                               0x080008eb   Thumb Code     0  os_cpu_a.o(CODE)
    OS_CPU_PendSVHandler                     0x080008f5   Thumb Code     0  os_cpu_a.o(CODE)
    BSP_CPU_ClkFreq                          0x08000b15   Thumb Code    14  bsp.o(i.BSP_CPU_ClkFreq)
    BSP_Init                                 0x08000b23   Thumb Code    28  bsp.o(i.BSP_Init)
    BSP_IntDisAll                            0x08000b3f   Thumb Code     8  bsp.o(i.BSP_IntDisAll)
    BSP_Tick_Init                            0x08000b49   Thumb Code    24  bsp.o(i.BSP_Tick_Init)
    CPU_Init                                 0x08000b65   Thumb Code    16  cpu_core.o(i.CPU_Init)
    CPU_IntDisMeasMaxCurGet                  0x08000c15   Thumb Code    40  cpu_core.o(i.CPU_IntDisMeasMaxCurGet)
    CPU_IntDisMeasMaxCurReset                0x08000c41   Thumb Code    40  cpu_core.o(i.CPU_IntDisMeasMaxCurReset)
    CPU_IntDisMeasMaxGet                     0x08000c6d   Thumb Code    40  cpu_core.o(i.CPU_IntDisMeasMaxGet)
    CPU_IntDisMeasStart                      0x08000c99   Thumb Code    38  cpu_core.o(i.CPU_IntDisMeasStart)
    CPU_IntDisMeasStop                       0x08000ccd   Thumb Code    62  cpu_core.o(i.CPU_IntDisMeasStop)
    CPU_NameClr                              0x08000d21   Thumb Code    50  cpu_core.o(i.CPU_NameClr)
    CPU_SW_Exception                         0x08000d61   Thumb Code     4  cpu_core.o(i.CPU_SW_Exception)
    CPU_TS32_to_uSec                         0x08000d65   Thumb Code    54  bsp.o(i.CPU_TS32_to_uSec)
    CPU_TS_Get32                             0x08000da1   Thumb Code    12  cpu_core.o(i.CPU_TS_Get32)
    CPU_TS_TmrFreqSet                        0x08000dc1   Thumb Code     6  cpu_core.o(i.CPU_TS_TmrFreqSet)
    CPU_TS_TmrInit                           0x08000dcd   Thumb Code    44  bsp.o(i.CPU_TS_TmrInit)
    CPU_TS_TmrRd                             0x08000e01   Thumb Code     6  bsp.o(i.CPU_TS_TmrRd)
    DMA2_Stream3_IRQHandler                  0x08000e0d   Thumb Code     8  drv_emmc.o(i.DMA2_Stream3_IRQHandler)
    DMA_ClearFlag                            0x08000e15   Thumb Code    38  stm32f4xx_dma.o(i.DMA_ClearFlag)
    DMA_Cmd                                  0x08000e49   Thumb Code    22  stm32f4xx_dma.o(i.DMA_Cmd)
    DMA_DeInit                               0x08000e61   Thumb Code   324  stm32f4xx_dma.o(i.DMA_DeInit)
    DMA_FlowControllerConfig                 0x08000fb9   Thumb Code    22  stm32f4xx_dma.o(i.DMA_FlowControllerConfig)
    DMA_ITConfig                             0x08000fcf   Thumb Code    58  stm32f4xx_dma.o(i.DMA_ITConfig)
    DMA_Init                                 0x08001009   Thumb Code    82  stm32f4xx_dma.o(i.DMA_Init)
    EMMC_CmdResp1Error                       0x0800108d   Thumb Code   278  drv_emmc.o(i.EMMC_CmdResp1Error)
    EMMC_CmdResp2Error                       0x080011ad   Thumb Code    70  drv_emmc.o(i.EMMC_CmdResp2Error)
    EMMC_CmdResp3Error                       0x080011f9   Thumb Code    52  drv_emmc.o(i.EMMC_CmdResp3Error)
    EMMC_CmdResp6Error                       0x08001231   Thumb Code   152  drv_emmc.o(i.EMMC_CmdResp6Error)
    EMMC_EnWideBus                           0x080012cd   Thumb Code   198  drv_emmc.o(i.EMMC_EnWideBus)
    EMMC_EnableWideBusOperation              0x080013a5   Thumb Code   104  drv_emmc.o(i.EMMC_EnableWideBusOperation)
    EMMC_GetCardInfo2                        0x08001411   Thumb Code   460  drv_emmc.o(i.EMMC_GetCardInfo2)
    EMMC_GetState                            0x080015e1   Thumb Code    26  drv_emmc.o(i.EMMC_GetState)
    EMMC_GetStatus                           0x080015fb   Thumb Code    38  drv_emmc.o(i.EMMC_GetStatus)
    EMMC_HTON                                0x08001621   Thumb Code    64  drv_emmc.o(i.EMMC_HTON)
    EMMC_Init                                0x08001661   Thumb Code    88  drv_emmc.o(i.EMMC_Init)
    EMMC_InitializeCards                     0x080016d1   Thumb Code   374  drv_emmc.o(i.EMMC_InitializeCards)
    EMMC_IsCardProgramming                   0x08001901   Thumb Code   374  drv_emmc.o(i.EMMC_IsCardProgramming)
    EMMC_LowLevelDMARxConfig                 0x08001a89   Thumb Code   136  drv_emmc.o(i.EMMC_LowLevelDMARxConfig)
    EMMC_LowLevelDMATxConfig                 0x08001b19   Thumb Code   134  drv_emmc.o(i.EMMC_LowLevelDMATxConfig)
    EMMC_NVIC_Configuration                  0x08001ba9   Thumb Code    50  drv_emmc.o(i.EMMC_NVIC_Configuration)
    EMMC_PeriphInit                          0x08001bdd   Thumb Code   156  drv_emmc.o(i.EMMC_PeriphInit)
    EMMC_PowerON                             0x08001c81   Thumb Code   232  drv_emmc.o(i.EMMC_PowerON)
    EMMC_ProcessDMAIRQ                       0x08001db9   Thumb Code    32  drv_emmc.o(i.EMMC_ProcessDMAIRQ)
    EMMC_ProcessIRQSrc                       0x08001de1   Thumb Code   162  drv_emmc.o(i.EMMC_ProcessIRQSrc)
    EMMC_ReadExtCsd                          0x08001e8d   Thumb Code   266  drv_emmc.o(i.EMMC_ReadExtCsd)
    EMMC_ReadMultiBlocks                     0x08001fa5   Thumb Code   314  drv_emmc.o(i.EMMC_ReadMultiBlocks)
    EMMC_SelectDeselect                      0x080020f9   Thumb Code    48  drv_emmc.o(i.EMMC_SelectDeselect)
    EMMC_SendStatus                          0x0800212d   Thumb Code    76  drv_emmc.o(i.EMMC_SendStatus)
    EMMC_StopTransfer                        0x08002181   Thumb Code    46  drv_emmc.o(i.EMMC_StopTransfer)
    EMMC_WaitReadOperation                   0x080021b5   Thumb Code   146  drv_emmc.o(i.EMMC_WaitReadOperation)
    EMMC_WaitWriteOperation                  0x0800225d   Thumb Code    88  drv_emmc.o(i.EMMC_WaitWriteOperation)
    EMMC_WriteMultiBlocks                    0x080022c5   Thumb Code   524  drv_emmc.o(i.EMMC_WriteMultiBlocks)
    GPIO_Init                                0x080024e5   Thumb Code   144  stm32f4xx_gpio.o(i.GPIO_Init)
    GPIO_PinAFConfig                         0x08002575   Thumb Code    70  stm32f4xx_gpio.o(i.GPIO_PinAFConfig)
    Math_Init                                0x080025bb   Thumb Code    10  lib_math.o(i.Math_Init)
    Math_RandSetSeed                         0x080025c5   Thumb Code    48  lib_math.o(i.Math_RandSetSeed)
    Mem_Clr                                  0x080025f9   Thumb Code    18  lib_mem.o(i.Mem_Clr)
    Mem_Init                                 0x0800260d   Thumb Code    52  lib_mem.o(i.Mem_Init)
    Mem_SegCreate                            0x08002655   Thumb Code    82  lib_mem.o(i.Mem_SegCreate)
    Mem_Set                                  0x080026c9   Thumb Code    84  lib_mem.o(i.Mem_Set)
    NVIC_Init                                0x0800271d   Thumb Code   106  misc.o(i.NVIC_Init)
    NVIC_PriorityGroupConfig                 0x08002795   Thumb Code    10  misc.o(i.NVIC_PriorityGroupConfig)
    OSCfg_Init                               0x080027a9   Thumb Code     2  os_cfg_app.o(i.OSCfg_Init)
    OSIdleTaskHook                           0x080027ad   Thumb Code    16  os_cpu_c.o(i.OSIdleTaskHook)
    OSInit                                   0x080027c1   Thumb Code   258  os_core.o(i.OSInit)
    OSInitHook                               0x0800290d   Thumb Code    28  os_cpu_c.o(i.OSInitHook)
    OSIntExit                                0x08002935   Thumb Code   188  os_core.o(i.OSIntExit)
    OSMutexCreate                            0x08002a11   Thumb Code    98  os_mutex.o(i.OSMutexCreate)
    OSMutexPend                              0x08002a7d   Thumb Code   480  os_mutex.o(i.OSMutexPend)
    OSMutexPost                              0x08002c69   Thumb Code   366  os_mutex.o(i.OSMutexPost)
    OSSched                                  0x08002de5   Thumb Code   134  os_core.o(i.OSSched)
    OSSchedLock                              0x08002e89   Thumb Code    92  os_core.o(i.OSSchedLock)
    OSSchedUnlock                            0x08002eed   Thumb Code   128  os_core.o(i.OSSchedUnlock)
    OSStart                                  0x08002f75   Thumb Code    78  os_core.o(i.OSStart)
    OSStatReset                              0x08002fdd   Thumb Code   294  os_stat.o(i.OSStatReset)
    OSStatTaskCPUUsageInit                   0x08003125   Thumb Code   228  os_stat.o(i.OSStatTaskCPUUsageInit)
    OSStatTaskHook                           0x08003225   Thumb Code    16  os_cpu_c.o(i.OSStatTaskHook)
    OSTaskCreate                             0x08003239   Thumb Code   312  os_task.o(i.OSTaskCreate)
    OSTaskCreateHook                         0x0800337d   Thumb Code    20  os_cpu_c.o(i.OSTaskCreateHook)
    OSTaskResume                             0x08003395   Thumb Code    54  os_task.o(i.OSTaskResume)
    OSTaskReturnHook                         0x080033cd   Thumb Code    20  os_cpu_c.o(i.OSTaskReturnHook)
    OSTaskSemPend                            0x080033e5   Thumb Code   448  os_task.o(i.OSTaskSemPend)
    OSTaskSemPost                            0x080035ad   Thumb Code    36  os_task.o(i.OSTaskSemPost)
    OSTaskStkChk                             0x080035d1   Thumb Code   184  os_task.o(i.OSTaskStkChk)
    OSTaskStkInit                            0x0800368d   Thumb Code   600  os_cpu_c.o(i.OSTaskStkInit)
    OSTaskSuspend                            0x08003951   Thumb Code    32  os_task.o(i.OSTaskSuspend)
    OSTaskSwHook                             0x08003975   Thumb Code   160  os_cpu_c.o(i.OSTaskSwHook)
    OSTimeDly                                0x08003a21   Thumb Code   168  os_time.o(i.OSTimeDly)
    OSTimeDlyHMSM                            0x08003ad1   Thumb Code   262  os_time.o(i.OSTimeDlyHMSM)
    OSTimeGet                                0x08003be5   Thumb Code    54  os_time.o(i.OSTimeGet)
    OSTimeTick                               0x08003c21   Thumb Code    50  os_time.o(i.OSTimeTick)
    OSTimeTickHook                           0x08003c65   Thumb Code    16  os_cpu_c.o(i.OSTimeTickHook)
    OS_CPU_SysTickHandler                    0x08003c79   Thumb Code    60  os_cpu_c.o(i.OS_CPU_SysTickHandler)
    OS_CPU_SysTickInit                       0x08003cb9   Thumb Code    44  os_cpu_c.o(i.OS_CPU_SysTickInit)
    OS_Dbg_Init                              0x08003ce9   Thumb Code   146  os_dbg.o(i.OS_Dbg_Init)
    OS_FlagInit                              0x08003e91   Thumb Code    14  os_flag.o(i.OS_FlagInit)
    OS_IdleTask                              0x08003ea9   Thumb Code    66  os_core.o(i.OS_IdleTask)
    OS_IdleTaskInit                          0x08003ef5   Thumb Code    66  os_core.o(i.OS_IdleTaskInit)
    OS_MemInit                               0x08003f65   Thumb Code    14  os_mem.o(i.OS_MemInit)
    OS_MsgPoolInit                           0x08003f7d   Thumb Code    80  os_msg.o(i.OS_MsgPoolInit)
    OS_MsgQInit                              0x08003fd9   Thumb Code    14  os_msg.o(i.OS_MsgQInit)
    OS_MutexDbgListAdd                       0x08003fe9   Thumb Code    38  os_mutex.o(i.OS_MutexDbgListAdd)
    OS_MutexGrpAdd                           0x08004019   Thumb Code     8  os_mutex.o(i.OS_MutexGrpAdd)
    OS_MutexGrpPrioFindHighest               0x08004021   Thumb Code    44  os_mutex.o(i.OS_MutexGrpPrioFindHighest)
    OS_MutexGrpRemove                        0x0800404d   Thumb Code    28  os_mutex.o(i.OS_MutexGrpRemove)
    OS_MutexInit                             0x08004069   Thumb Code    14  os_mutex.o(i.OS_MutexInit)
    OS_Pend                                  0x08004081   Thumb Code   100  os_core.o(i.OS_Pend)
    OS_PendDataInit                          0x080040e9   Thumb Code    40  os_core.o(i.OS_PendDataInit)
    OS_PendDbgNameAdd                        0x08004111   Thumb Code    66  os_core.o(i.OS_PendDbgNameAdd)
    OS_PendDbgNameRemove                     0x0800416d   Thumb Code    30  os_core.o(i.OS_PendDbgNameRemove)
    OS_PendListChangePrio                    0x08004191   Thumb Code    58  os_core.o(i.OS_PendListChangePrio)
    OS_PendListInit                          0x080041cb   Thumb Code    10  os_core.o(i.OS_PendListInit)
    OS_PendListInsertPrio                    0x080041d5   Thumb Code   102  os_core.o(i.OS_PendListInsertPrio)
    OS_PendListRemove                        0x0800423b   Thumb Code    52  os_core.o(i.OS_PendListRemove)
    OS_PendListRemove1                       0x0800426f   Thumb Code    66  os_core.o(i.OS_PendListRemove1)
    OS_Post                                  0x080042b1   Thumb Code   214  os_core.o(i.OS_Post)
    OS_Post1                                 0x08004387   Thumb Code    44  os_core.o(i.OS_Post1)
    OS_PrioGetHighest                        0x080043b5   Thumb Code    36  os_prio.o(i.OS_PrioGetHighest)
    OS_PrioInit                              0x080043dd   Thumb Code    20  os_prio.o(i.OS_PrioInit)
    OS_PrioInsert                            0x080043f5   Thumb Code    32  os_prio.o(i.OS_PrioInsert)
    OS_PrioRemove                            0x08004419   Thumb Code    32  os_prio.o(i.OS_PrioRemove)
    OS_QInit                                 0x0800443d   Thumb Code    14  os_q.o(i.OS_QInit)
    OS_RdyListInit                           0x08004455   Thumb Code    32  os_core.o(i.OS_RdyListInit)
    OS_RdyListInsert                         0x08004479   Thumb Code    40  os_core.o(i.OS_RdyListInsert)
    OS_RdyListInsertHead                     0x080044a5   Thumb Code    58  os_core.o(i.OS_RdyListInsertHead)
    OS_RdyListInsertTail                     0x080044e5   Thumb Code    56  os_core.o(i.OS_RdyListInsertTail)
    OS_RdyListRemove                         0x08004521   Thumb Code    86  os_core.o(i.OS_RdyListRemove)
    OS_SemInit                               0x0800457d   Thumb Code    14  os_sem.o(i.OS_SemInit)
    OS_StatTask                              0x08004595   Thumb Code   738  os_stat.o(i.OS_StatTask)
    OS_StatTaskInit                          0x080048b9   Thumb Code   136  os_stat.o(i.OS_StatTaskInit)
    OS_TaskBlock                             0x08004985   Thumb Code    40  os_core.o(i.OS_TaskBlock)
    OS_TaskChangePrio                        0x080049b1   Thumb Code   232  os_task.o(i.OS_TaskChangePrio)
    OS_TaskDbgListAdd                        0x08004a9d   Thumb Code    42  os_task.o(i.OS_TaskDbgListAdd)
    OS_TaskInit                              0x08004acd   Thumb Code    18  os_task.o(i.OS_TaskInit)
    OS_TaskInitTCB                           0x08004aed   Thumb Code   182  os_task.o(i.OS_TaskInitTCB)
    OS_TaskResume                            0x08004bb1   Thumb Code   284  os_task.o(i.OS_TaskResume)
    OS_TaskReturn                            0x08004ccd   Thumb Code    26  os_task.o(i.OS_TaskReturn)
    OS_TaskSemPost                           0x08004cf1   Thumb Code   492  os_task.o(i.OS_TaskSemPost)
    OS_TaskSuspend                           0x08004ee1   Thumb Code   304  os_task.o(i.OS_TaskSuspend)
    OS_TickListInsert                        0x08005019   Thumb Code   134  os_tick.o(i.OS_TickListInsert)
    OS_TickListInsertDly                     0x080050a1   Thumb Code   180  os_tick.o(i.OS_TickListInsertDly)
    OS_TickListRemove                        0x0800515d   Thumb Code    88  os_tick.o(i.OS_TickListRemove)
    OS_TickTask                              0x08005371   Thumb Code    98  os_tick.o(i.OS_TickTask)
    OS_TickTaskInit                          0x080053dd   Thumb Code   140  os_tick.o(i.OS_TickTaskInit)
    OS_TmrInit                               0x080054a5   Thumb Code   200  os_tmr.o(i.OS_TmrInit)
    OS_TmrTask                               0x080055f1   Thumb Code   134  os_tmr.o(i.OS_TmrTask)
    OS_TmrUnlink                             0x08005685   Thumb Code    58  os_tmr.o(i.OS_TmrUnlink)
    RCC_AHB1PeriphClockCmd                   0x080056dd   Thumb Code    26  stm32f4xx_rcc.o(i.RCC_AHB1PeriphClockCmd)
    RCC_APB2PeriphClockCmd                   0x080056fd   Thumb Code    26  stm32f4xx_rcc.o(i.RCC_APB2PeriphClockCmd)
    RCC_APB2PeriphResetCmd                   0x0800571d   Thumb Code    26  stm32f4xx_rcc.o(i.RCC_APB2PeriphResetCmd)
    RCC_GetClocksFreq                        0x0800573d   Thumb Code   214  stm32f4xx_rcc.o(i.RCC_GetClocksFreq)
    RTC_GetDate                              0x0800583d   Thumb Code    68  stm32f4xx_rtc.o(i.RTC_GetDate)
    RTC_GetTime                              0x08005889   Thumb Code    72  stm32f4xx_rtc.o(i.RTC_GetTime)
    SDIO_ClearFlag                           0x080058d9   Thumb Code     6  stm32f4xx_sdio.o(i.SDIO_ClearFlag)
    SDIO_ClearITPendingBit                   0x080058e5   Thumb Code     6  stm32f4xx_sdio.o(i.SDIO_ClearITPendingBit)
    SDIO_ClockCmd                            0x080058f1   Thumb Code     6  stm32f4xx_sdio.o(i.SDIO_ClockCmd)
    SDIO_DMACmd                              0x080058fd   Thumb Code     6  stm32f4xx_sdio.o(i.SDIO_DMACmd)
    SDIO_DataConfig                          0x08005909   Thumb Code    46  stm32f4xx_sdio.o(i.SDIO_DataConfig)
    SDIO_DeInit                              0x0800593d   Thumb Code    22  stm32f4xx_sdio.o(i.SDIO_DeInit)
    SDIO_GetCommandResponse                  0x08005955   Thumb Code     8  stm32f4xx_sdio.o(i.SDIO_GetCommandResponse)
    SDIO_GetFlagStatus                       0x08005961   Thumb Code    20  stm32f4xx_sdio.o(i.SDIO_GetFlagStatus)
    SDIO_GetITStatus                         0x08005979   Thumb Code    20  stm32f4xx_sdio.o(i.SDIO_GetITStatus)
    SDIO_GetPowerState                       0x08005991   Thumb Code    10  stm32f4xx_sdio.o(i.SDIO_GetPowerState)
    SDIO_GetResponse                         0x080059a1   Thumb Code    20  stm32f4xx_sdio.o(i.SDIO_GetResponse)
    SDIO_IRQHandler                          0x080059b9   Thumb Code     8  drv_emmc.o(i.SDIO_IRQHandler)
    SDIO_ITConfig                            0x080059c1   Thumb Code    26  stm32f4xx_sdio.o(i.SDIO_ITConfig)
    SDIO_Init                                0x080059e1   Thumb Code    42  stm32f4xx_sdio.o(i.SDIO_Init)
    SDIO_ReadData                            0x08005a11   Thumb Code     6  stm32f4xx_sdio.o(i.SDIO_ReadData)
    SDIO_SendCommand                         0x08005a1d   Thumb Code    40  stm32f4xx_sdio.o(i.SDIO_SendCommand)
    SDIO_SetPowerState                       0x08005a49   Thumb Code     6  stm32f4xx_sdio.o(i.SDIO_SetPowerState)
    SystemInit                               0x08005b75   Thumb Code    88  system_stm32f4xx.o(i.SystemInit)
    USART_ClearFlag                          0x08005bdd   Thumb Code    18  stm32f4xx_usart.o(i.USART_ClearFlag)
    USART_Cmd                                0x08005bef   Thumb Code    24  stm32f4xx_usart.o(i.USART_Cmd)
    USART_GetFlagStatus                      0x08005c07   Thumb Code    26  stm32f4xx_usart.o(i.USART_GetFlagStatus)
    USART_Init                               0x08005c21   Thumb Code   204  stm32f4xx_usart.o(i.USART_Init)
    USART_SendData                           0x08005cf5   Thumb Code     8  stm32f4xx_usart.o(i.USART_SendData)
    __0printf                                0x08005cfd   Thumb Code    22  printfa.o(i.__0printf)
    __1printf                                0x08005cfd   Thumb Code     0  printfa.o(i.__0printf)
    __2printf                                0x08005cfd   Thumb Code     0  printfa.o(i.__0printf)
    __c89printf                              0x08005cfd   Thumb Code     0  printfa.o(i.__0printf)
    printf                                   0x08005cfd   Thumb Code     0  printfa.o(i.__0printf)
    __scatterload_copy                       0x08005d1d   Thumb Code    14  handlers.o(i.__scatterload_copy)
    __scatterload_null                       0x08005d2b   Thumb Code     2  handlers.o(i.__scatterload_null)
    __scatterload_zeroinit                   0x08005d2d   Thumb Code    14  handlers.o(i.__scatterload_zeroinit)
    clust2sect                               0x08006675   Thumb Code    26  ff.o(i.clust2sect)
    disk_initialize                          0x08006cab   Thumb Code    52  diskio.o(i.disk_initialize)
    disk_ioctl                               0x08006ce1   Thumb Code   124  diskio.o(i.disk_ioctl)
    disk_read                                0x08006d61   Thumb Code   114  diskio.o(i.disk_read)
    disk_status                              0x08006dd9   Thumb Code    44  diskio.o(i.disk_status)
    disk_write                               0x08006e05   Thumb Code   114  diskio.o(i.disk_write)
    drv_console_init                         0x08006e7d   Thumb Code   176  drv_console.o(i.drv_console_init)
    drv_console_write                        0x08006f35   Thumb Code    28  drv_console.o(i.drv_console_write)
    drv_delay_ms                             0x08006f55   Thumb Code    28  drv_delay.o(i.drv_delay_ms)
    emmc_info                                0x08006f71   Thumb Code   148  app_emmc.o(i.emmc_info)
    emmc_init                                0x08007055   Thumb Code   194  app_emmc.o(i.emmc_init)
    emmc_mount                               0x08007191   Thumb Code   124  app_emmc.o(i.emmc_mount)
    emmc_speed_test_write                    0x0800726d   Thumb Code   394  app_emmc.o(i.emmc_speed_test_write)
    f_close                                  0x0800756d   Thumb Code    32  ff.o(i.f_close)
    f_getfree                                0x0800758d   Thumb Code   258  ff.o(i.f_getfree)
    f_mkdir                                  0x0800768f   Thumb Code   364  ff.o(i.f_mkdir)
    f_mkfs                                   0x080077fd   Thumb Code  1622  ff.o(i.f_mkfs)
    f_mount                                  0x08007e81   Thumb Code    86  ff.o(i.f_mount)
    f_open                                   0x08007edd   Thumb Code   374  ff.o(i.f_open)
    f_sync                                   0x08008053   Thumb Code   176  ff.o(i.f_sync)
    f_unlink                                 0x08008103   Thumb Code   190  ff.o(i.f_unlink)
    f_write                                  0x080081c1   Thumb Code   524  ff.o(i.f_write)
    fputc                                    0x08008857   Thumb Code    18  sys_console.o(i.fputc)
    free                                     0x08008869   Thumb Code    76  malloc.o(i.free)
    get_fat                                  0x080088b9   Thumb Code   318  ff.o(i.get_fat)
    get_fattime                              0x080089f7   Thumb Code    68  diskio.o(i.get_fattime)
    main                                     0x08008aad   Thumb Code    14  main.o(i.main)
    malloc                                   0x08008abd   Thumb Code    92  malloc.o(i.malloc)
    put_fat                                  0x08008bb1   Thumb Code   392  ff.o(i.put_fat)
    sys_init                                 0x08008ecf   Thumb Code     2  sys.o(i.sys_init)
    sys_start                                0x08008ed1   Thumb Code     8  sys.o(i.sys_start)
    sys_time_get_ms                          0x08008ed9   Thumb Code    20  sys_delay.o(i.sys_time_get_ms)
    sys_time_get_us                          0x08008eed   Thumb Code    28  sys_delay.o(i.sys_time_get_us)
    ucos_start                               0x08008f09   Thumb Code    90  app.o(i.ucos_start)
    OSCfg_IdleTaskStkBasePtr                 0x08008fe0   Data           4  os_cfg_app.o(.constdata)
    OSCfg_IdleTaskStkLimit                   0x08008fe4   Data           4  os_cfg_app.o(.constdata)
    OSCfg_IdleTaskStkSize                    0x08008fe8   Data           4  os_cfg_app.o(.constdata)
    OSCfg_IdleTaskStkSizeRAM                 0x08008fec   Data           4  os_cfg_app.o(.constdata)
    OSCfg_IntQBasePtr                        0x08008ff0   Data           4  os_cfg_app.o(.constdata)
    OSCfg_IntQSize                           0x08008ff4   Data           2  os_cfg_app.o(.constdata)
    OSCfg_IntQSizeRAM                        0x08008ff8   Data           4  os_cfg_app.o(.constdata)
    OSCfg_IntQTaskStkBasePtr                 0x08008ffc   Data           4  os_cfg_app.o(.constdata)
    OSCfg_IntQTaskStkLimit                   0x08009000   Data           4  os_cfg_app.o(.constdata)
    OSCfg_IntQTaskStkSize                    0x08009004   Data           4  os_cfg_app.o(.constdata)
    OSCfg_IntQTaskStkSizeRAM                 0x08009008   Data           4  os_cfg_app.o(.constdata)
    OSCfg_ISRStkBasePtr                      0x0800900c   Data           4  os_cfg_app.o(.constdata)
    OSCfg_ISRStkSize                         0x08009010   Data           4  os_cfg_app.o(.constdata)
    OSCfg_ISRStkSizeRAM                      0x08009014   Data           4  os_cfg_app.o(.constdata)
    OSCfg_MsgPoolSize                        0x08009018   Data           2  os_cfg_app.o(.constdata)
    OSCfg_MsgPoolSizeRAM                     0x0800901c   Data           4  os_cfg_app.o(.constdata)
    OSCfg_MsgPoolBasePtr                     0x08009020   Data           4  os_cfg_app.o(.constdata)
    OSCfg_StatTaskPrio                       0x08009024   Data           1  os_cfg_app.o(.constdata)
    OSCfg_StatTaskRate_Hz                    0x08009028   Data           4  os_cfg_app.o(.constdata)
    OSCfg_StatTaskStkBasePtr                 0x0800902c   Data           4  os_cfg_app.o(.constdata)
    OSCfg_StatTaskStkLimit                   0x08009030   Data           4  os_cfg_app.o(.constdata)
    OSCfg_StatTaskStkSize                    0x08009034   Data           4  os_cfg_app.o(.constdata)
    OSCfg_StatTaskStkSizeRAM                 0x08009038   Data           4  os_cfg_app.o(.constdata)
    OSCfg_StkSizeMin                         0x0800903c   Data           4  os_cfg_app.o(.constdata)
    OSCfg_TickRate_Hz                        0x08009040   Data           4  os_cfg_app.o(.constdata)
    OSCfg_TickTaskPrio                       0x08009044   Data           1  os_cfg_app.o(.constdata)
    OSCfg_TickTaskStkBasePtr                 0x08009048   Data           4  os_cfg_app.o(.constdata)
    OSCfg_TickTaskStkLimit                   0x0800904c   Data           4  os_cfg_app.o(.constdata)
    OSCfg_TickTaskStkSize                    0x08009050   Data           4  os_cfg_app.o(.constdata)
    OSCfg_TickTaskStkSizeRAM                 0x08009054   Data           4  os_cfg_app.o(.constdata)
    OSCfg_TmrTaskPrio                        0x08009058   Data           1  os_cfg_app.o(.constdata)
    OSCfg_TmrTaskRate_Hz                     0x0800905c   Data           4  os_cfg_app.o(.constdata)
    OSCfg_TmrTaskStkBasePtr                  0x08009060   Data           4  os_cfg_app.o(.constdata)
    OSCfg_TmrTaskStkLimit                    0x08009064   Data           4  os_cfg_app.o(.constdata)
    OSCfg_TmrTaskStkSize                     0x08009068   Data           4  os_cfg_app.o(.constdata)
    OSCfg_TmrTaskStkSizeRAM                  0x0800906c   Data           4  os_cfg_app.o(.constdata)
    OSCfg_DataSizeRAM                        0x08009070   Data           4  os_cfg_app.o(.constdata)
    OSDbg_DbgEn                              0x08009074   Data           1  os_dbg.o(.constdata)
    OSDbg_ArgChkEn                           0x08009075   Data           1  os_dbg.o(.constdata)
    OSDbg_AppHooksEn                         0x08009076   Data           1  os_dbg.o(.constdata)
    OSDbg_EndiannessTest                     0x08009078   Data           4  os_dbg.o(.constdata)
    OSDbg_CalledFromISRChkEn                 0x0800907c   Data           1  os_dbg.o(.constdata)
    OSDbg_FlagEn                             0x0800907d   Data           1  os_dbg.o(.constdata)
    OSDbg_FlagGrp                            0x08009080   Data          40  os_dbg.o(.constdata)
    OSDbg_FlagDelEn                          0x080090a8   Data           1  os_dbg.o(.constdata)
    OSDbg_FlagModeClrEn                      0x080090a9   Data           1  os_dbg.o(.constdata)
    OSDbg_FlagPendAbortEn                    0x080090aa   Data           1  os_dbg.o(.constdata)
    OSDbg_FlagGrpSize                        0x080090ac   Data           2  os_dbg.o(.constdata)
    OSDbg_FlagWidth                          0x080090ae   Data           2  os_dbg.o(.constdata)
    OSDbg_IntQ                               0x080090b0   Data           2  os_dbg.o(.constdata)
    OSDbg_ISRPostDeferredEn                  0x080090b2   Data           1  os_dbg.o(.constdata)
    OSDbg_Mem                                0x080090b4   Data          32  os_dbg.o(.constdata)
    OSDbg_MemEn                              0x080090d4   Data           1  os_dbg.o(.constdata)
    OSDbg_MemSize                            0x080090d6   Data           2  os_dbg.o(.constdata)
    OSDbg_MsgEn                              0x080090d8   Data           1  os_dbg.o(.constdata)
    OSDbg_MsgSize                            0x080090da   Data           2  os_dbg.o(.constdata)
    OSDbg_MsgPoolSize                        0x080090dc   Data           2  os_dbg.o(.constdata)
    OSDbg_MsgQSize                           0x080090de   Data           2  os_dbg.o(.constdata)
    OSDbg_Mutex                              0x080090e0   Data          48  os_dbg.o(.constdata)
    OSDbg_MutexEn                            0x08009110   Data           1  os_dbg.o(.constdata)
    OSDbg_MutexDelEn                         0x08009111   Data           1  os_dbg.o(.constdata)
    OSDbg_MutexPendAbortEn                   0x08009112   Data           1  os_dbg.o(.constdata)
    OSDbg_MutexSize                          0x08009114   Data           2  os_dbg.o(.constdata)
    OSDbg_ObjTypeChkEn                       0x08009116   Data           1  os_dbg.o(.constdata)
    OSDbg_PendMultiEn                        0x08009117   Data           1  os_dbg.o(.constdata)
    OSDbg_PendDataSize                       0x08009118   Data           2  os_dbg.o(.constdata)
    OSDbg_PendListSize                       0x0800911a   Data           2  os_dbg.o(.constdata)
    OSDbg_PendObjSize                        0x0800911c   Data           2  os_dbg.o(.constdata)
    OSDbg_PrioMax                            0x0800911e   Data           2  os_dbg.o(.constdata)
    OSDbg_PrioTblSize                        0x08009120   Data           2  os_dbg.o(.constdata)
    OSDbg_PtrSize                            0x08009122   Data           2  os_dbg.o(.constdata)
    OSDbg_Q                                  0x08009124   Data          48  os_dbg.o(.constdata)
    OSDbg_QEn                                0x08009154   Data           1  os_dbg.o(.constdata)
    OSDbg_QDelEn                             0x08009155   Data           1  os_dbg.o(.constdata)
    OSDbg_QFlushEn                           0x08009156   Data           1  os_dbg.o(.constdata)
    OSDbg_QPendAbortEn                       0x08009157   Data           1  os_dbg.o(.constdata)
    OSDbg_QSize                              0x08009158   Data           2  os_dbg.o(.constdata)
    OSDbg_SchedRoundRobinEn                  0x0800915a   Data           1  os_dbg.o(.constdata)
    OSDbg_Sem                                0x0800915c   Data          40  os_dbg.o(.constdata)
    OSDbg_SemEn                              0x08009184   Data           1  os_dbg.o(.constdata)
    OSDbg_SemDelEn                           0x08009185   Data           1  os_dbg.o(.constdata)
    OSDbg_SemPendAbortEn                     0x08009186   Data           1  os_dbg.o(.constdata)
    OSDbg_SemSetEn                           0x08009187   Data           1  os_dbg.o(.constdata)
    OSDbg_SemSize                            0x08009188   Data           2  os_dbg.o(.constdata)
    OSDbg_RdyList                            0x0800918a   Data           2  os_dbg.o(.constdata)
    OSDbg_RdyListSize                        0x0800918c   Data           4  os_dbg.o(.constdata)
    OSDbg_StkWidth                           0x08009190   Data           1  os_dbg.o(.constdata)
    OSDbg_StatTaskEn                         0x08009191   Data           1  os_dbg.o(.constdata)
    OSDbg_StatTaskStkChkEn                   0x08009192   Data           1  os_dbg.o(.constdata)
    OSDbg_TaskChangePrioEn                   0x08009193   Data           1  os_dbg.o(.constdata)
    OSDbg_TaskDelEn                          0x08009194   Data           1  os_dbg.o(.constdata)
    OSDbg_TaskQEn                            0x08009195   Data           1  os_dbg.o(.constdata)
    OSDbg_TaskQPendAbortEn                   0x08009196   Data           1  os_dbg.o(.constdata)
    OSDbg_TaskProfileEn                      0x08009197   Data           1  os_dbg.o(.constdata)
    OSDbg_TaskRegTblSize                     0x08009198   Data           2  os_dbg.o(.constdata)
    OSDbg_TaskSemPendAbortEn                 0x0800919a   Data           1  os_dbg.o(.constdata)
    OSDbg_TaskSuspendEn                      0x0800919b   Data           1  os_dbg.o(.constdata)
    OSDbg_TCBSize                            0x0800919c   Data           2  os_dbg.o(.constdata)
    OSDbg_TickListSize                       0x0800919e   Data           2  os_dbg.o(.constdata)
    OSDbg_TimeDlyHMSMEn                      0x080091a0   Data           1  os_dbg.o(.constdata)
    OSDbg_TimeDlyResumeEn                    0x080091a1   Data           1  os_dbg.o(.constdata)
    OSDbg_TLS_TblSize                        0x080091a2   Data           2  os_dbg.o(.constdata)
    OSDbg_Tmr                                0x080091a4   Data          48  os_dbg.o(.constdata)
    OSDbg_TmrEn                              0x080091d4   Data           1  os_dbg.o(.constdata)
    OSDbg_TmrDelEn                           0x080091d5   Data           1  os_dbg.o(.constdata)
    OSDbg_TmrSize                            0x080091d6   Data           2  os_dbg.o(.constdata)
    OSDbg_VersionNbr                         0x080091d8   Data           2  os_dbg.o(.constdata)
    OSDbg_DataSize                           0x080091dc   Data           4  os_dbg.o(.constdata)
    Region$$Table$$Base                      0x080091e0   Number         0  anon$$obj.o(Region$$Table)
    Region$$Table$$Limit                     0x08009200   Number         0  anon$$obj.o(Region$$Table)
    __stdout                                 0x20000040   Data           4  sys_console.o(.data)
    CPU_TS_TmrFreq_Hz                        0x20000044   Data           4  cpu_core.o(.data)
    CPU_IntDisMeasCtr                        0x20000048   Data           2  cpu_core.o(.data)
    CPU_IntDisNestCtr                        0x2000004a   Data           2  cpu_core.o(.data)
    CPU_IntDisMeasStart_cnts                 0x2000004c   Data           4  cpu_core.o(.data)
    CPU_IntDisMeasStop_cnts                  0x20000050   Data           4  cpu_core.o(.data)
    CPU_IntDisMeasOvrhd_cnts                 0x20000054   Data           4  cpu_core.o(.data)
    CPU_IntDisMeasMaxCur_cnts                0x20000058   Data           4  cpu_core.o(.data)
    CPU_IntDisMeasMax_cnts                   0x2000005c   Data           4  cpu_core.o(.data)
    Math_RandSeedCur                         0x20000060   Data           4  lib_math.o(.data)
    Mem_SegHeadPtr                           0x20000064   Data           4  lib_mem.o(.data)
    OSPrioTbl                                0x20000068   Data           4  os_prio.o(.data)
    OS_AppTaskCreateHookPtr                  0x2000006c   Data           4  os_var.o(.data)
    OS_AppTaskDelHookPtr                     0x20000070   Data           4  os_var.o(.data)
    OS_AppTaskReturnHookPtr                  0x20000074   Data           4  os_var.o(.data)
    OS_AppIdleTaskHookPtr                    0x20000078   Data           4  os_var.o(.data)
    OS_AppStatTaskHookPtr                    0x2000007c   Data           4  os_var.o(.data)
    OS_AppTaskSwHookPtr                      0x20000080   Data           4  os_var.o(.data)
    OS_AppTimeTickHookPtr                    0x20000084   Data           4  os_var.o(.data)
    OSIdleTaskCtr                            0x20000088   Data           4  os_var.o(.data)
    OSIntNestingCtr                          0x2000008c   Data           1  os_var.o(.data)
    OSIntDisTimeMax                          0x20000090   Data           4  os_var.o(.data)
    OSRunning                                0x20000094   Data           1  os_var.o(.data)
    OSFlagDbgListPtr                         0x20000098   Data           4  os_var.o(.data)
    OSFlagQty                                0x2000009c   Data           2  os_var.o(.data)
    OSMemDbgListPtr                          0x200000a0   Data           4  os_var.o(.data)
    OSMemQty                                 0x200000a4   Data           2  os_var.o(.data)
    OSMutexDbgListPtr                        0x200000a8   Data           4  os_var.o(.data)
    OSMutexQty                               0x200000ac   Data           2  os_var.o(.data)
    OSPrioCur                                0x200000ae   Data           1  os_var.o(.data)
    OSPrioHighRdy                            0x200000af   Data           1  os_var.o(.data)
    OSPrioSaved                              0x200000b0   Data           1  os_var.o(.data)
    OSQDbgListPtr                            0x200000b4   Data           4  os_var.o(.data)
    OSQQty                                   0x200000b8   Data           2  os_var.o(.data)
    OSSchedLockNestingCtr                    0x200000ba   Data           1  os_var.o(.data)
    OSSemDbgListPtr                          0x200000bc   Data           4  os_var.o(.data)
    OSSemQty                                 0x200000c0   Data           2  os_var.o(.data)
    OSStatResetFlag                          0x200000c2   Data           1  os_var.o(.data)
    OSStatTaskCPUUsage                       0x200000c4   Data           2  os_var.o(.data)
    OSStatTaskCPUUsageMax                    0x200000c6   Data           2  os_var.o(.data)
    OSStatTaskCtr                            0x200000c8   Data           4  os_var.o(.data)
    OSStatTaskCtrMax                         0x200000cc   Data           4  os_var.o(.data)
    OSStatTaskCtrRun                         0x200000d0   Data           4  os_var.o(.data)
    OSStatTaskRdy                            0x200000d4   Data           1  os_var.o(.data)
    OSStatTaskTimeMax                        0x200000d8   Data           4  os_var.o(.data)
    OSTaskCtxSwCtr                           0x200000dc   Data           4  os_var.o(.data)
    OSTaskDbgListPtr                         0x200000e0   Data           4  os_var.o(.data)
    OSTaskQty                                0x200000e4   Data           2  os_var.o(.data)
    OSTaskRegNextAvailID                     0x200000e6   Data           1  os_var.o(.data)
    OSTickCtr                                0x200000e8   Data           4  os_var.o(.data)
    OSTickTaskTimeMax                        0x200000ec   Data           4  os_var.o(.data)
    OSTickListDly                            0x200000f0   Data           8  os_var.o(.data)
    OSTickListTimeout                        0x200000f8   Data           8  os_var.o(.data)
    OSTmrDbgListPtr                          0x20000100   Data           4  os_var.o(.data)
    OSTmrListEntries                         0x20000104   Data           2  os_var.o(.data)
    OSTmrListPtr                             0x20000108   Data           4  os_var.o(.data)
    OSTmrQty                                 0x2000010c   Data           2  os_var.o(.data)
    OSTmrTaskTimeMax                         0x20000110   Data           4  os_var.o(.data)
    OSTmrTickCtr                             0x20000114   Data           4  os_var.o(.data)
    OSTmrUpdateCnt                           0x20000118   Data           4  os_var.o(.data)
    OSTmrUpdateCtr                           0x2000011c   Data           4  os_var.o(.data)
    OSTCBCurPtr                              0x20000120   Data           4  os_var.o(.data)
    OSTCBHighRdyPtr                          0x20000124   Data           4  os_var.o(.data)
    OS_CPU_ExceptStkBase                     0x20000128   Data           4  os_cpu_c.o(.data)
    EMMC_StopCondition                       0x2000012c   Data           4  drv_emmc.o(.data)
    EMMC_TransferEnd                         0x20000130   Data           4  drv_emmc.o(.data)
    EMMC_DMAEndOfTransfer                    0x20000134   Data           4  drv_emmc.o(.data)
    EMMC_TransferError                       0x20000138   Data           1  drv_emmc.o(.data)
    __microlib_freelist                      0x20000150   Data           4  mvars.o(.data)
    __microlib_freelist_initialised          0x20000154   Data           4  mvars.o(.data)
    my_fs                                    0x20000158   Data        4148  app_emmc.o(.bss)
    fd                                       0x2000118c   Data        4132  app_emmc.o(.bss)
    work_buf                                 0x200021b0   Data        4096  app_emmc.o(.bss)
    emmc1                                    0x200031b0   Data          28  app_emmc.o(.bss)
    buf1                                     0x2000c4fc   Data        4096  app.o(.bss)
    buf2                                     0x2000d4fc   Data        4096  app.o(.bss)
    CPU_Name                                 0x2000e4fc   Data          16  cpu_core.o(.bss)
    Mem_Heap                                 0x2000e50c   Data        1024  lib_mem.o(.bss)
    Mem_SegHeap                              0x2000e90c   Data          20  lib_mem.o(.bss)
    OSCfg_IdleTaskStk                        0x2000e920   Data         512  os_cfg_app.o(.bss)
    OSCfg_ISRStk                             0x2000eb20   Data         400  os_cfg_app.o(.bss)
    OSCfg_MsgPool                            0x2000ecb0   Data        1600  os_cfg_app.o(.bss)
    OSCfg_StatTaskStk                        0x2000f2f0   Data         400  os_cfg_app.o(.bss)
    OSCfg_TickTaskStk                        0x2000f480   Data         512  os_cfg_app.o(.bss)
    OSCfg_TmrTaskStk                         0x2000f680   Data         512  os_cfg_app.o(.bss)
    OSIdleTaskTCB                            0x2000f880   Data         192  os_var.o(.bss)
    OSMsgPool                                0x2000f940   Data          12  os_var.o(.bss)
    OSRdyList                                0x2000f94c   Data         384  os_var.o(.bss)
    OSStatTaskTCB                            0x2000facc   Data         192  os_var.o(.bss)
    OSTickTaskTCB                            0x2000fb8c   Data         192  os_var.o(.bss)
    OSTmrMutex                               0x2000fc4c   Data          48  os_var.o(.bss)
    OSTmrTaskTCB                             0x2000fc7c   Data         192  os_var.o(.bss)
    EMMC_SDIO_InitStructure                  0x2000fd40   Data          24  drv_emmc.o(.bss)
    EMMC_SDIO_CmdInitStructure               0x2000fd58   Data          20  drv_emmc.o(.bss)
    EMMC_SDIO_DataInitStructure              0x2000fd6c   Data          24  drv_emmc.o(.bss)
    MyEMMC_CardInfo                          0x2000fd88   Data         584  drv_emmc.o(.bss)
    __heap_base                              0x2000ffd0   Data           0  startup_stm32f427_437xx.o(HEAP)
    __heap_limit                             0x20013fd0   Data           0  startup_stm32f427_437xx.o(HEAP)
    __initial_sp                             0x20017fd0   Data           0  startup_stm32f427_437xx.o(STACK)



==============================================================================

Memory Map of the image

  Image Entry point : 0x080001ad

  Load Region LR_IROM1 (Base: 0x08000000, Size: 0x00009358, Max: 0x00100000, ABSOLUTE, COMPRESSED[0x00009214])

    Execution Region ER_IROM1 (Base: 0x08000000, Size: 0x00009200, Max: 0x00100000, ABSOLUTE)

    Base Addr    Size         Type   Attr      Idx    E Section Name        Object

    0x08000000   0x000001ac   Data   RO         3284    RESET               startup_stm32f427_437xx.o
    0x080001ac   0x00000000   Code   RO         8354  * .ARM.Collect$$$$00000000  mc_w.l(entry.o)
    0x080001ac   0x00000004   Code   RO         8654    .ARM.Collect$$$$00000001  mc_w.l(entry2.o)
    0x080001b0   0x00000004   Code   RO         8657    .ARM.Collect$$$$00000004  mc_w.l(entry5.o)
    0x080001b4   0x00000000   Code   RO         8659    .ARM.Collect$$$$00000008  mc_w.l(entry7b.o)
    0x080001b4   0x00000000   Code   RO         8661    .ARM.Collect$$$$0000000A  mc_w.l(entry8b.o)
    0x080001b4   0x00000008   Code   RO         8662    .ARM.Collect$$$$0000000B  mc_w.l(entry9a.o)
    0x080001bc   0x00000000   Code   RO         8664    .ARM.Collect$$$$0000000D  mc_w.l(entry10a.o)
    0x080001bc   0x00000000   Code   RO         8666    .ARM.Collect$$$$0000000F  mc_w.l(entry11a.o)
    0x080001bc   0x00000004   Code   RO         8655    .ARM.Collect$$$$00002712  mc_w.l(entry2.o)
    0x080001c0   0x00000034   Code   RO         2892    .text               cpu_a.o
    0x080001f4   0x0000004c   Code   RO         3285    .text               startup_stm32f427_437xx.o
    0x08000240   0x00000062   Code   RO         8357    .text               mc_w.l(uldiv.o)
    0x080002a2   0x00000024   Code   RO         8359    .text               mc_w.l(memseta.o)
    0x080002c6   0x0000001a   Code   RO         8361    .text               mc_w.l(memcmp.o)
    0x080002e0   0x00000026   Code   RO         8652    .text               mf_w.l(f2d.o)
    0x08000306   0x0000002c   Code   RO         8668    .text               mc_w.l(uidiv.o)
    0x08000332   0x0000001e   Code   RO         8670    .text               mc_w.l(llshl.o)
    0x08000350   0x00000020   Code   RO         8672    .text               mc_w.l(llushr.o)
    0x08000370   0x00000000   Code   RO         8680    .text               mc_w.l(iusefp.o)
    0x08000370   0x0000014e   Code   RO         8681    .text               mf_w.l(dadd.o)
    0x080004be   0x000000e4   Code   RO         8683    .text               mf_w.l(dmul.o)
    0x080005a2   0x000000de   Code   RO         8685    .text               mf_w.l(ddiv.o)
    0x08000680   0x00000030   Code   RO         8687    .text               mf_w.l(dfixul.o)
    0x080006b0   0x00000030   Code   RO         8689    .text               mf_w.l(cdrcmple.o)
    0x080006e0   0x00000024   Code   RO         8691    .text               mc_w.l(init.o)
    0x08000704   0x00000024   Code   RO         8693    .text               mc_w.l(llsshr.o)
    0x08000728   0x000000ba   Code   RO         8695    .text               mf_w.l(depilogue.o)
    0x080007e2   0x00000056   Code   RO         8705    .text               mc_w.l(__dczerorl2.o)
    0x08000838   0x00000118   Code   RO         2898    CODE                os_cpu_a.o
    0x08000950   0x000000ec   Code   RO          865    i.AppTaskCreate     app.o
    0x08000a3c   0x0000006c   Code   RO          866    i.AppTaskStart      app.o
    0x08000aa8   0x00000018   Code   RO          867    i.App_Task1         app.o
    0x08000ac0   0x0000003c   Code   RO          868    i.App_Task2         app.o
    0x08000afc   0x00000018   Code   RO          869    i.App_Task3         app.o
    0x08000b14   0x0000000e   Code   RO          943    i.BSP_CPU_ClkFreq   bsp.o
    0x08000b22   0x0000001c   Code   RO          944    i.BSP_Init          bsp.o
    0x08000b3e   0x00000008   Code   RO          945    i.BSP_IntDisAll     bsp.o
    0x08000b46   0x00000002   PAD
    0x08000b48   0x0000001c   Code   RO          946    i.BSP_Tick_Init     bsp.o
    0x08000b64   0x00000010   Code   RO         1008    i.CPU_Init          cpu_core.o
    0x08000b74   0x00000084   Code   RO         1009    i.CPU_IntDisMeasInit  cpu_core.o
    0x08000bf8   0x0000001c   Code   RO         1010    i.CPU_IntDisMeasMaxCalc  cpu_core.o
    0x08000c14   0x0000002c   Code   RO         1011    i.CPU_IntDisMeasMaxCurGet  cpu_core.o
    0x08000c40   0x0000002c   Code   RO         1012    i.CPU_IntDisMeasMaxCurReset  cpu_core.o
    0x08000c6c   0x0000002c   Code   RO         1013    i.CPU_IntDisMeasMaxGet  cpu_core.o
    0x08000c98   0x00000034   Code   RO         1014    i.CPU_IntDisMeasStart  cpu_core.o
    0x08000ccc   0x00000054   Code   RO         1015    i.CPU_IntDisMeasStop  cpu_core.o
    0x08000d20   0x00000038   Code   RO         1016    i.CPU_NameClr       cpu_core.o
    0x08000d58   0x00000008   Code   RO         1018    i.CPU_NameInit      cpu_core.o
    0x08000d60   0x00000004   Code   RO         1021    i.CPU_SW_Exception  cpu_core.o
    0x08000d64   0x0000003c   Code   RO          947    i.CPU_TS32_to_uSec  bsp.o
    0x08000da0   0x0000000c   Code   RO         1022    i.CPU_TS_Get32      cpu_core.o
    0x08000dac   0x00000014   Code   RO         1023    i.CPU_TS_Init       cpu_core.o
    0x08000dc0   0x0000000c   Code   RO         1025    i.CPU_TS_TmrFreqSet  cpu_core.o
    0x08000dcc   0x00000034   Code   RO          948    i.CPU_TS_TmrInit    bsp.o
    0x08000e00   0x0000000c   Code   RO          949    i.CPU_TS_TmrRd      bsp.o
    0x08000e0c   0x00000008   Code   RO         2940    i.DMA2_Stream3_IRQHandler  drv_emmc.o
    0x08000e14   0x00000034   Code   RO         4365    i.DMA_ClearFlag     stm32f4xx_dma.o
    0x08000e48   0x00000016   Code   RO         4367    i.DMA_Cmd           stm32f4xx_dma.o
    0x08000e5e   0x00000002   PAD
    0x08000e60   0x00000158   Code   RO         4368    i.DMA_DeInit        stm32f4xx_dma.o
    0x08000fb8   0x00000016   Code   RO         4371    i.DMA_FlowControllerConfig  stm32f4xx_dma.o
    0x08000fce   0x0000003a   Code   RO         4378    i.DMA_ITConfig      stm32f4xx_dma.o
    0x08001008   0x00000058   Code   RO         4379    i.DMA_Init          stm32f4xx_dma.o
    0x08001060   0x0000002c   Code   RO         2941    i.EMMC_CmdError     drv_emmc.o
    0x0800108c   0x00000120   Code   RO         2942    i.EMMC_CmdResp1Error  drv_emmc.o
    0x080011ac   0x0000004c   Code   RO         2943    i.EMMC_CmdResp2Error  drv_emmc.o
    0x080011f8   0x00000038   Code   RO         2944    i.EMMC_CmdResp3Error  drv_emmc.o
    0x08001230   0x0000009c   Code   RO         2945    i.EMMC_CmdResp6Error  drv_emmc.o
    0x080012cc   0x000000d8   Code   RO         2947    i.EMMC_EnWideBus    drv_emmc.o
    0x080013a4   0x0000006c   Code   RO         2948    i.EMMC_EnableWideBusOperation  drv_emmc.o
    0x08001410   0x000001d0   Code   RO         2951    i.EMMC_GetCardInfo2  drv_emmc.o
    0x080015e0   0x0000001a   Code   RO         2952    i.EMMC_GetState     drv_emmc.o
    0x080015fa   0x00000026   Code   RO         2953    i.EMMC_GetStatus    drv_emmc.o
    0x08001620   0x00000040   Code   RO         2955    i.EMMC_HTON         drv_emmc.o
    0x08001660   0x00000070   Code   RO         2956    i.EMMC_Init         drv_emmc.o
    0x080016d0   0x00000230   Code   RO         2957    i.EMMC_InitializeCards  drv_emmc.o
    0x08001900   0x00000188   Code   RO         2958    i.EMMC_IsCardProgramming  drv_emmc.o
    0x08001a88   0x00000090   Code   RO         2959    i.EMMC_LowLevelDMARxConfig  drv_emmc.o
    0x08001b18   0x00000090   Code   RO         2960    i.EMMC_LowLevelDMATxConfig  drv_emmc.o
    0x08001ba8   0x00000032   Code   RO         2961    i.EMMC_NVIC_Configuration  drv_emmc.o
    0x08001bda   0x00000002   PAD
    0x08001bdc   0x000000a4   Code   RO         2962    i.EMMC_PeriphInit   drv_emmc.o
    0x08001c80   0x00000138   Code   RO         2964    i.EMMC_PowerON      drv_emmc.o
    0x08001db8   0x00000028   Code   RO         2965    i.EMMC_ProcessDMAIRQ  drv_emmc.o
    0x08001de0   0x000000ac   Code   RO         2966    i.EMMC_ProcessIRQSrc  drv_emmc.o
    0x08001e8c   0x00000118   Code   RO         2968    i.EMMC_ReadExtCsd   drv_emmc.o
    0x08001fa4   0x00000154   Code   RO         2969    i.EMMC_ReadMultiBlocks  drv_emmc.o
    0x080020f8   0x00000034   Code   RO         2970    i.EMMC_SelectDeselect  drv_emmc.o
    0x0800212c   0x00000054   Code   RO         2971    i.EMMC_SendStatus   drv_emmc.o
    0x08002180   0x00000034   Code   RO         2972    i.EMMC_StopTransfer  drv_emmc.o
    0x080021b4   0x000000a8   Code   RO         2973    i.EMMC_WaitReadOperation  drv_emmc.o
    0x0800225c   0x00000068   Code   RO         2974    i.EMMC_WaitWriteOperation  drv_emmc.o
    0x080022c4   0x00000220   Code   RO         2976    i.EMMC_WriteMultiBlocks  drv_emmc.o
    0x080024e4   0x00000090   Code   RO         5212    i.GPIO_Init         stm32f4xx_gpio.o
    0x08002574   0x00000046   Code   RO         5213    i.GPIO_PinAFConfig  stm32f4xx_gpio.o
    0x080025ba   0x0000000a   Code   RO         1277    i.Math_Init         lib_math.o
    0x080025c4   0x00000034   Code   RO         1280    i.Math_RandSetSeed  lib_math.o
    0x080025f8   0x00000012   Code   RO         1313    i.Mem_Clr           lib_mem.o
    0x0800260a   0x00000002   PAD
    0x0800260c   0x00000048   Code   RO         1323    i.Mem_Init          lib_mem.o
    0x08002654   0x00000052   Code   RO         1336    i.Mem_SegCreate     lib_mem.o
    0x080026a6   0x00000002   PAD
    0x080026a8   0x00000020   Code   RO         1337    i.Mem_SegCreateCritical  lib_mem.o
    0x080026c8   0x00000054   Code   RO         1340    i.Mem_Set           lib_mem.o
    0x0800271c   0x00000078   Code   RO         3292    i.NVIC_Init         misc.o
    0x08002794   0x00000014   Code   RO         3293    i.NVIC_PriorityGroupConfig  misc.o
    0x080027a8   0x00000002   Code   RO         1723    i.OSCfg_Init        os_cfg_app.o
    0x080027aa   0x00000002   PAD
    0x080027ac   0x00000014   Code   RO         2814    i.OSIdleTaskHook    os_cpu_c.o
    0x080027c0   0x0000014c   Code   RO         1746    i.OSInit            os_core.o
    0x0800290c   0x00000028   Code   RO         2815    i.OSInitHook        os_cpu_c.o
    0x08002934   0x000000dc   Code   RO         1748    i.OSIntExit         os_core.o
    0x08002a10   0x0000006c   Code   RO         2115    i.OSMutexCreate     os_mutex.o
    0x08002a7c   0x000001ec   Code   RO         2116    i.OSMutexPend       os_mutex.o
    0x08002c68   0x0000017c   Code   RO         2117    i.OSMutexPost       os_mutex.o
    0x08002de4   0x000000a4   Code   RO         1749    i.OSSched           os_core.o
    0x08002e88   0x00000064   Code   RO         1750    i.OSSchedLock       os_core.o
    0x08002eec   0x00000088   Code   RO         1751    i.OSSchedUnlock     os_core.o
    0x08002f74   0x00000068   Code   RO         1752    i.OSStart           os_core.o
    0x08002fdc   0x00000148   Code   RO         2386    i.OSStatReset       os_stat.o
    0x08003124   0x00000100   Code   RO         2387    i.OSStatTaskCPUUsageInit  os_stat.o
    0x08003224   0x00000014   Code   RO         2816    i.OSStatTaskHook    os_cpu_c.o
    0x08003238   0x00000144   Code   RO         2417    i.OSTaskCreate      os_task.o
    0x0800337c   0x00000018   Code   RO         2817    i.OSTaskCreateHook  os_cpu_c.o
    0x08003394   0x00000036   Code   RO         2424    i.OSTaskResume      os_task.o
    0x080033ca   0x00000002   PAD
    0x080033cc   0x00000018   Code   RO         2819    i.OSTaskReturnHook  os_cpu_c.o
    0x080033e4   0x000001c8   Code   RO         2425    i.OSTaskSemPend     os_task.o
    0x080035ac   0x00000024   Code   RO         2427    i.OSTaskSemPost     os_task.o
    0x080035d0   0x000000bc   Code   RO         2429    i.OSTaskStkChk      os_task.o
    0x0800368c   0x000002c4   Code   RO         2820    i.OSTaskStkInit     os_cpu_c.o
    0x08003950   0x00000024   Code   RO         2430    i.OSTaskSuspend     os_task.o
    0x08003974   0x000000ac   Code   RO         2821    i.OSTaskSwHook      os_cpu_c.o
    0x08003a20   0x000000b0   Code   RO         2618    i.OSTimeDly         os_time.o
    0x08003ad0   0x00000114   Code   RO         2619    i.OSTimeDlyHMSM     os_time.o
    0x08003be4   0x0000003c   Code   RO         2620    i.OSTimeGet         os_time.o
    0x08003c20   0x00000044   Code   RO         2622    i.OSTimeTick        os_time.o
    0x08003c64   0x00000014   Code   RO         2822    i.OSTimeTickHook    os_cpu_c.o
    0x08003c78   0x00000040   Code   RO         2823    i.OS_CPU_SysTickHandler  os_cpu_c.o
    0x08003cb8   0x00000030   Code   RO         2824    i.OS_CPU_SysTickInit  os_cpu_c.o
    0x08003ce8   0x000001a8   Code   RO         1950    i.OS_Dbg_Init       os_dbg.o
    0x08003e90   0x00000018   Code   RO         1973    i.OS_FlagInit       os_flag.o
    0x08003ea8   0x0000004c   Code   RO         1754    i.OS_IdleTask       os_core.o
    0x08003ef4   0x00000070   Code   RO         1755    i.OS_IdleTaskInit   os_core.o
    0x08003f64   0x00000018   Code   RO         2047    i.OS_MemInit        os_mem.o
    0x08003f7c   0x0000005c   Code   RO         2079    i.OS_MsgPoolInit    os_msg.o
    0x08003fd8   0x0000000e   Code   RO         2082    i.OS_MsgQInit       os_msg.o
    0x08003fe6   0x00000002   PAD
    0x08003fe8   0x00000030   Code   RO         2119    i.OS_MutexDbgListAdd  os_mutex.o
    0x08004018   0x00000008   Code   RO         2121    i.OS_MutexGrpAdd    os_mutex.o
    0x08004020   0x0000002c   Code   RO         2123    i.OS_MutexGrpPrioFindHighest  os_mutex.o
    0x0800404c   0x0000001c   Code   RO         2124    i.OS_MutexGrpRemove  os_mutex.o
    0x08004068   0x00000018   Code   RO         2125    i.OS_MutexInit      os_mutex.o
    0x08004080   0x00000068   Code   RO         1756    i.OS_Pend           os_core.o
    0x080040e8   0x00000028   Code   RO         1759    i.OS_PendDataInit   os_core.o
    0x08004110   0x0000005c   Code   RO         1760    i.OS_PendDbgNameAdd  os_core.o
    0x0800416c   0x00000024   Code   RO         1761    i.OS_PendDbgNameRemove  os_core.o
    0x08004190   0x0000003a   Code   RO         1762    i.OS_PendListChangePrio  os_core.o
    0x080041ca   0x0000000a   Code   RO         1763    i.OS_PendListInit   os_core.o
    0x080041d4   0x00000066   Code   RO         1765    i.OS_PendListInsertPrio  os_core.o
    0x0800423a   0x00000034   Code   RO         1766    i.OS_PendListRemove  os_core.o
    0x0800426e   0x00000042   Code   RO         1767    i.OS_PendListRemove1  os_core.o
    0x080042b0   0x000000d6   Code   RO         1770    i.OS_Post           os_core.o
    0x08004386   0x0000002c   Code   RO         1771    i.OS_Post1          os_core.o
    0x080043b2   0x00000002   PAD
    0x080043b4   0x00000028   Code   RO         2217    i.OS_PrioGetHighest  os_prio.o
    0x080043dc   0x00000018   Code   RO         2218    i.OS_PrioInit       os_prio.o
    0x080043f4   0x00000024   Code   RO         2219    i.OS_PrioInsert     os_prio.o
    0x08004418   0x00000024   Code   RO         2220    i.OS_PrioRemove     os_prio.o
    0x0800443c   0x00000018   Code   RO         2261    i.OS_QInit          os_q.o
    0x08004454   0x00000024   Code   RO         1772    i.OS_RdyListInit    os_core.o
    0x08004478   0x0000002c   Code   RO         1773    i.OS_RdyListInsert  os_core.o
    0x080044a4   0x00000040   Code   RO         1774    i.OS_RdyListInsertHead  os_core.o
    0x080044e4   0x0000003c   Code   RO         1775    i.OS_RdyListInsertTail  os_core.o
    0x08004520   0x0000005c   Code   RO         1777    i.OS_RdyListRemove  os_core.o
    0x0800457c   0x00000018   Code   RO         2323    i.OS_SemInit        os_sem.o
    0x08004594   0x00000324   Code   RO         2388    i.OS_StatTask       os_stat.o
    0x080048b8   0x000000cc   Code   RO         2389    i.OS_StatTaskInit   os_stat.o
    0x08004984   0x0000002c   Code   RO         1778    i.OS_TaskBlock      os_core.o
    0x080049b0   0x000000ec   Code   RO         2431    i.OS_TaskChangePrio  os_task.o
    0x08004a9c   0x00000030   Code   RO         2432    i.OS_TaskDbgListAdd  os_task.o
    0x08004acc   0x00000020   Code   RO         2434    i.OS_TaskInit       os_task.o
    0x08004aec   0x000000c4   Code   RO         2435    i.OS_TaskInitTCB    os_task.o
    0x08004bb0   0x0000011c   Code   RO         2437    i.OS_TaskResume     os_task.o
    0x08004ccc   0x00000024   Code   RO         2438    i.OS_TaskReturn     os_task.o
    0x08004cf0   0x000001f0   Code   RO         2439    i.OS_TaskSemPost    os_task.o
    0x08004ee0   0x00000138   Code   RO         2440    i.OS_TaskSuspend    os_task.o
    0x08005018   0x00000086   Code   RO         2572    i.OS_TickListInsert  os_tick.o
    0x0800509e   0x00000002   PAD
    0x080050a0   0x000000bc   Code   RO         2573    i.OS_TickListInsertDly  os_tick.o
    0x0800515c   0x00000058   Code   RO         2574    i.OS_TickListRemove  os_tick.o
    0x080051b4   0x000000a0   Code   RO         2575    i.OS_TickListUpdateDly  os_tick.o
    0x08005254   0x0000011c   Code   RO         2576    i.OS_TickListUpdateTimeout  os_tick.o
    0x08005370   0x0000006c   Code   RO         2577    i.OS_TickTask       os_tick.o
    0x080053dc   0x000000c8   Code   RO         2578    i.OS_TickTaskInit   os_tick.o
    0x080054a4   0x00000134   Code   RO         2663    i.OS_TmrInit        os_tmr.o
    0x080055d8   0x00000018   Code   RO         2664    i.OS_TmrLock        os_tmr.o
    0x080055f0   0x00000094   Code   RO         2665    i.OS_TmrTask        os_tmr.o
    0x08005684   0x00000044   Code   RO         2666    i.OS_TmrUnlink      os_tmr.o
    0x080056c8   0x00000014   Code   RO         2667    i.OS_TmrUnlock      os_tmr.o
    0x080056dc   0x00000020   Code   RO         6150    i.RCC_AHB1PeriphClockCmd  stm32f4xx_rcc.o
    0x080056fc   0x00000020   Code   RO         6162    i.RCC_APB2PeriphClockCmd  stm32f4xx_rcc.o
    0x0800571c   0x00000020   Code   RO         6164    i.RCC_APB2PeriphResetCmd  stm32f4xx_rcc.o
    0x0800573c   0x000000e8   Code   RO         6171    i.RCC_GetClocksFreq  stm32f4xx_rcc.o
    0x08005824   0x00000016   Code   RO         6557    i.RTC_Bcd2ToByte    stm32f4xx_rtc.o
    0x0800583a   0x00000002   PAD
    0x0800583c   0x0000004c   Code   RO         6573    i.RTC_GetDate       stm32f4xx_rtc.o
    0x08005888   0x00000050   Code   RO         6578    i.RTC_GetTime       stm32f4xx_rtc.o
    0x080058d8   0x0000000c   Code   RO         7087    i.SDIO_ClearFlag    stm32f4xx_sdio.o
    0x080058e4   0x0000000c   Code   RO         7088    i.SDIO_ClearITPendingBit  stm32f4xx_sdio.o
    0x080058f0   0x0000000c   Code   RO         7089    i.SDIO_ClockCmd     stm32f4xx_sdio.o
    0x080058fc   0x0000000c   Code   RO         7092    i.SDIO_DMACmd       stm32f4xx_sdio.o
    0x08005908   0x00000034   Code   RO         7093    i.SDIO_DataConfig   stm32f4xx_sdio.o
    0x0800593c   0x00000016   Code   RO         7095    i.SDIO_DeInit       stm32f4xx_sdio.o
    0x08005952   0x00000002   PAD
    0x08005954   0x0000000c   Code   RO         7096    i.SDIO_GetCommandResponse  stm32f4xx_sdio.o
    0x08005960   0x00000018   Code   RO         7099    i.SDIO_GetFlagStatus  stm32f4xx_sdio.o
    0x08005978   0x00000018   Code   RO         7100    i.SDIO_GetITStatus  stm32f4xx_sdio.o
    0x08005990   0x00000010   Code   RO         7101    i.SDIO_GetPowerState  stm32f4xx_sdio.o
    0x080059a0   0x00000018   Code   RO         7102    i.SDIO_GetResponse  stm32f4xx_sdio.o
    0x080059b8   0x00000008   Code   RO         2977    i.SDIO_IRQHandler   drv_emmc.o
    0x080059c0   0x00000020   Code   RO         7103    i.SDIO_ITConfig     stm32f4xx_sdio.o
    0x080059e0   0x00000030   Code   RO         7104    i.SDIO_Init         stm32f4xx_sdio.o
    0x08005a10   0x0000000c   Code   RO         7105    i.SDIO_ReadData     stm32f4xx_sdio.o
    0x08005a1c   0x0000002c   Code   RO         7107    i.SDIO_SendCommand  stm32f4xx_sdio.o
    0x08005a48   0x0000000c   Code   RO         7109    i.SDIO_SetPowerState  stm32f4xx_sdio.o
    0x08005a54   0x00000120   Code   RO         3244    i.SetSysClock       system_stm32f4xx.o
    0x08005b74   0x00000068   Code   RO         3246    i.SystemInit        system_stm32f4xx.o
    0x08005bdc   0x00000012   Code   RO         8099    i.USART_ClearFlag   stm32f4xx_usart.o
    0x08005bee   0x00000018   Code   RO         8103    i.USART_Cmd         stm32f4xx_usart.o
    0x08005c06   0x0000001a   Code   RO         8106    i.USART_GetFlagStatus  stm32f4xx_usart.o
    0x08005c20   0x000000d4   Code   RO         8110    i.USART_Init        stm32f4xx_usart.o
    0x08005cf4   0x00000008   Code   RO         8120    i.USART_SendData    stm32f4xx_usart.o
    0x08005cfc   0x00000020   Code   RO         8596    i.__0printf         mc_w.l(printfa.o)
    0x08005d1c   0x0000000e   Code   RO         8699    i.__scatterload_copy  mc_w.l(handlers.o)
    0x08005d2a   0x00000002   Code   RO         8700    i.__scatterload_null  mc_w.l(handlers.o)
    0x08005d2c   0x0000000e   Code   RO         8701    i.__scatterload_zeroinit  mc_w.l(handlers.o)
    0x08005d3a   0x00000002   PAD
    0x08005d3c   0x00000164   Code   RO         8603    i._fp_digits        mc_w.l(printfa.o)
    0x08005ea0   0x000006dc   Code   RO         8604    i._printf_core      mc_w.l(printfa.o)
    0x0800657c   0x00000024   Code   RO         8605    i._printf_post_padding  mc_w.l(printfa.o)
    0x080065a0   0x0000002e   Code   RO         8606    i._printf_pre_padding  mc_w.l(printfa.o)
    0x080065ce   0x00000002   PAD
    0x080065d0   0x00000090   Code   RO          347    i.check_fs          ff.o
    0x08006660   0x00000014   Code   RO          348    i.chk_chr           ff.o
    0x08006674   0x0000001a   Code   RO          349    i.clust2sect        ff.o
    0x0800668e   0x000000d6   Code   RO          350    i.create_chain      ff.o
    0x08006764   0x000001ac   Code   RO          351    i.create_name       ff.o
    0x08006910   0x0000005c   Code   RO          352    i.dir_alloc         ff.o
    0x0800696c   0x0000005c   Code   RO          353    i.dir_find          ff.o
    0x080069c8   0x0000013a   Code   RO          354    i.dir_next          ff.o
    0x08006b02   0x00000070   Code   RO          355    i.dir_read          ff.o
    0x08006b72   0x0000003a   Code   RO          356    i.dir_register      ff.o
    0x08006bac   0x00000036   Code   RO          357    i.dir_remove        ff.o
    0x08006be2   0x000000c8   Code   RO          358    i.dir_sdi           ff.o
    0x08006caa   0x00000034   Code   RO          283    i.disk_initialize   diskio.o
    0x08006cde   0x00000002   PAD
    0x08006ce0   0x00000080   Code   RO          284    i.disk_ioctl        diskio.o
    0x08006d60   0x00000078   Code   RO          285    i.disk_read         diskio.o
    0x08006dd8   0x0000002c   Code   RO          286    i.disk_status       diskio.o
    0x08006e04   0x00000078   Code   RO          287    i.disk_write        diskio.o
    0x08006e7c   0x000000b8   Code   RO         2904    i.drv_console_init  drv_console.o
    0x08006f34   0x00000020   Code   RO         2906    i.drv_console_write  drv_console.o
    0x08006f54   0x0000001c   Code   RO         3208    i.drv_delay_ms      drv_delay.o
    0x08006f70   0x000000e4   Code   RO          204    i.emmc_info         app_emmc.o
    0x08007054   0x0000013c   Code   RO          205    i.emmc_init         app_emmc.o
    0x08007190   0x000000dc   Code   RO          207    i.emmc_mount        app_emmc.o
    0x0800726c   0x00000300   Code   RO          209    i.emmc_speed_test_write  app_emmc.o
    0x0800756c   0x00000020   Code   RO          362    i.f_close           ff.o
    0x0800758c   0x00000102   Code   RO          364    i.f_getfree         ff.o
    0x0800768e   0x0000016c   Code   RO          368    i.f_mkdir           ff.o
    0x080077fa   0x00000002   PAD
    0x080077fc   0x00000684   Code   RO          369    i.f_mkfs            ff.o
    0x08007e80   0x0000005c   Code   RO          370    i.f_mount           ff.o
    0x08007edc   0x00000176   Code   RO          371    i.f_open            ff.o
    0x08008052   0x000000b0   Code   RO          381    i.f_sync            ff.o
    0x08008102   0x000000be   Code   RO          383    i.f_unlink          ff.o
    0x080081c0   0x0000020c   Code   RO          385    i.f_write           ff.o
    0x080083cc   0x000003dc   Code   RO          386    i.find_volume       ff.o
    0x080087a8   0x000000ae   Code   RO          387    i.follow_path       ff.o
    0x08008856   0x00000012   Code   RO          812    i.fputc             sys_console.o
    0x08008868   0x00000050   Code   RO         8624    i.free              mc_w.l(malloc.o)
    0x080088b8   0x0000013e   Code   RO          388    i.get_fat           ff.o
    0x080089f6   0x00000044   Code   RO          288    i.get_fattime       diskio.o
    0x08008a3a   0x00000002   PAD
    0x08008a3c   0x00000050   Code   RO          390    i.get_ldnumber      ff.o
    0x08008a8c   0x00000020   Code   RO          391    i.ld_clust          ff.o
    0x08008aac   0x0000000e   Code   RO            4    i.main              main.o
    0x08008aba   0x00000002   PAD
    0x08008abc   0x0000006c   Code   RO         8625    i.malloc            mc_w.l(malloc.o)
    0x08008b28   0x00000026   Code   RO          392    i.mem_cmp           ff.o
    0x08008b4e   0x0000001a   Code   RO          393    i.mem_cpy           ff.o
    0x08008b68   0x00000014   Code   RO          394    i.mem_set           ff.o
    0x08008b7c   0x00000034   Code   RO          395    i.move_window       ff.o
    0x08008bb0   0x00000188   Code   RO          396    i.put_fat           ff.o
    0x08008d38   0x0000006c   Code   RO          398    i.remove_chain      ff.o
    0x08008da4   0x00000010   Code   RO          399    i.st_clust          ff.o
    0x08008db4   0x000000c8   Code   RO          400    i.sync_fs           ff.o
    0x08008e7c   0x00000052   Code   RO          401    i.sync_window       ff.o
    0x08008ece   0x00000002   Code   RO          682    i.sys_init          sys.o
    0x08008ed0   0x00000008   Code   RO          683    i.sys_start         sys.o
    0x08008ed8   0x00000014   Code   RO          757    i.sys_time_get_ms   sys_delay.o
    0x08008eec   0x0000001c   Code   RO          758    i.sys_time_get_us   sys_delay.o
    0x08008f08   0x00000078   Code   RO          870    i.ucos_start        app.o
    0x08008f80   0x00000032   Code   RO          402    i.validate          ff.o
    0x08008fb2   0x0000002c   Data   RO          404    .constdata          ff.o
    0x08008fde   0x00000002   PAD
    0x08008fe0   0x00000094   Data   RO         1725    .constdata          os_cfg_app.o
    0x08009074   0x0000016c   Data   RO         1951    .constdata          os_dbg.o
    0x080091e0   0x00000020   Data   RO         8697    Region$$Table       anon$$obj.o


    Execution Region RW_IRAM1 (Base: 0x20000000, Size: 0x00017fd0, Max: 0x00030000, ABSOLUTE, COMPRESSED[0x00000014])

    Base Addr    Size         Type   Attr      Idx    E Section Name        Object

    0x20000000   0x00000039   Data   RW          211    .data               app_emmc.o
    0x20000039   0x00000001   PAD
    0x2000003a   0x00000003   Data   RW          405    .data               ff.o
    0x2000003d   0x00000003   PAD
    0x20000040   0x00000004   Data   RW          814    .data               sys_console.o
    0x20000044   0x0000001c   Data   RW         1029    .data               cpu_core.o
    0x20000060   0x00000004   Data   RW         1281    .data               lib_math.o
    0x20000064   0x00000004   Data   RW         1342    .data               lib_mem.o
    0x20000068   0x00000004   Data   RW         2221    .data               os_prio.o
    0x2000006c   0x000000bc   Data   RW         2743    .data               os_var.o
    0x20000128   0x00000004   Data   RW         2825    .data               os_cpu_c.o
    0x2000012c   0x00000014   Data   RW         2980    .data               drv_emmc.o
    0x20000140   0x00000010   Data   RW         6203    .data               stm32f4xx_rcc.o
    0x20000150   0x00000004   Data   RW         8678    .data               mc_w.l(mvars.o)
    0x20000154   0x00000004   Data   RW         8679    .data               mc_w.l(mvars.o)
    0x20000158   0x00004098   Zero   RW          210    .bss                app_emmc.o
    0x200041f0   0x0000000c   Zero   RW          403    .bss                ff.o
    0x200041fc   0x0000a300   Zero   RW          871    .bss                app.o
    0x2000e4fc   0x00000010   Zero   RW         1027    .bss                cpu_core.o
    0x2000e50c   0x00000414   Zero   RW         1341    .bss                lib_mem.o
    0x2000e920   0x00000f60   Zero   RW         1724    .bss                os_cfg_app.o
    0x2000f880   0x000004bc   Zero   RW         2742    .bss                os_var.o
    0x2000fd3c   0x00000004   PAD
    0x2000fd40   0x00000290   Zero   RW         2979    .bss                drv_emmc.o
    0x2000ffd0   0x00004000   Zero   RW         3283    HEAP                startup_stm32f427_437xx.o
    0x20013fd0   0x00004000   Zero   RW         3282    STACK               startup_stm32f427_437xx.o


==============================================================================

Image component sizes


      Code (inc. data)   RO Data    RW Data    ZI Data      Debug   Object Name

       572        164          0          0      41728       4509   app.o
      1532        672          0         57      16536       9342   app_emmc.o
       202         24          0          0          0       4140   bsp.o
        52          0          0          0          0        396   cpu_a.o
       556         98          0         28         16      11258   cpu_core.o
       532         16          0          0          0       8460   diskio.o
       216         12          0          0          0       1299   drv_console.o
        28          0          0          0          0        595   drv_delay.o
      5266        518          0         20        656      36709   drv_emmc.o
      8008        120         44          3         12      33439   ff.o
        62          4          0          4          0       2346   lib_math.o
       288         24          0          4       1044      15617   lib_mem.o
        14          0          0          0          0     367121   main.o
       140         24          0          0          0       2107   misc.o
         2          0        148          0       3936      19245   os_cfg_app.o
      2402        306          0          0          0      18574   os_core.o
       280         14          0          0          0        456   os_cpu_a.o
      1140        160          0          4          0       8389   os_cpu_c.o
       424        278        364          0          0       4869   os_dbg.o
        24         10          0          0          0        974   os_flag.o
        24         10          0          0          0        981   os_mem.o
       106         12          0          0          0       1739   os_msg.o
      1132         56          0          0          0       6730   os_mutex.o
       136         16          0          4          0       3162   os_prio.o
        24         10          0          0          0        975   os_q.o
        24         10          0          0          0        973   os_sem.o
      1592        196          0          0          0       4247   os_stat.o
      2734        128          0          0          0      12522   os_task.o
      1162         88          0          0          0       6219   os_tick.o
       580         46          0          0          0       3561   os_time.o
       568        142          0          0          0       3829   os_tmr.o
         0          0          0        188       1212      17774   os_var.o
        76         16        428          0      32768        980   startup_stm32f427_437xx.o
       586         40          0          0          0       6192   stm32f4xx_dma.o
       214          0          0          0          0       2331   stm32f4xx_gpio.o
       328         36          0         16          0       5659   stm32f4xx_rcc.o
       178         16          0          0          0       3544   stm32f4xx_rtc.o
       370         80          0          0          0      13414   stm32f4xx_sdio.o
       288          8          0          0          0       4866   stm32f4xx_usart.o
        10          0          0          0          0        935   sys.o
        18          0          0          4          0       2454   sys_console.o
        48          0          0          0          0       1148   sys_delay.o
       392         32          0          0          0       1997   system_stm32f4xx.o

    ----------------------------------------------------------------------
     32362       3386       1018        336      97912     656077   Object Totals
         0          0         32          0          0          0   (incl. Generated)
        32          0          2          4          4          0   (incl. Padding)

    ----------------------------------------------------------------------

      Code (inc. data)   RO Data    RW Data    ZI Data      Debug   Library Member Name

        86          0          0          0          0          0   __dczerorl2.o
         0          0          0          0          0          0   entry.o
         0          0          0          0          0          0   entry10a.o
         0          0          0          0          0          0   entry11a.o
         8          4          0          0          0          0   entry2.o
         4          0          0          0          0          0   entry5.o
         0          0          0          0          0          0   entry7b.o
         0          0          0          0          0          0   entry8b.o
         8          4          0          0          0          0   entry9a.o
        30          0          0          0          0          0   handlers.o
        36          8          0          0          0         68   init.o
         0          0          0          0          0          0   iusefp.o
        30          0          0          0          0         68   llshl.o
        36          0          0          0          0         68   llsshr.o
        32          0          0          0          0         68   llushr.o
       188         20          0          0          0        160   malloc.o
        26          0          0          0          0         80   memcmp.o
        36          0          0          0          0        108   memseta.o
         0          0          0          8          0          0   mvars.o
      2226         90          0          0          0        444   printfa.o
        44          0          0          0          0         80   uidiv.o
        98          0          0          0          0         92   uldiv.o
        48          0          0          0          0         68   cdrcmple.o
       334          0          0          0          0        148   dadd.o
       222          0          0          0          0        100   ddiv.o
       186          0          0          0          0        176   depilogue.o
        48          0          0          0          0         68   dfixul.o
       228          0          0          0          0         96   dmul.o
        38          0          0          0          0         68   f2d.o

    ----------------------------------------------------------------------
      3996        126          0          8          0       1960   Library Totals
         4          0          0          0          0          0   (incl. Padding)

    ----------------------------------------------------------------------

      Code (inc. data)   RO Data    RW Data    ZI Data      Debug   Library Name

      2888        126          0          8          0       1236   mc_w.l
      1104          0          0          0          0        724   mf_w.l

    ----------------------------------------------------------------------
      3996        126          0          8          0       1960   Library Totals

    ----------------------------------------------------------------------

==============================================================================


      Code (inc. data)   RO Data    RW Data    ZI Data      Debug   

     36358       3512       1018        344      97912     633133   Grand Totals
     36358       3512       1018         20      97912     633133   ELF Image Totals (compressed)
     36358       3512       1018         20          0          0   ROM Totals

==============================================================================

    Total RO  Size (Code + RO Data)                37376 (  36.50kB)
    Total RW  Size (RW Data + ZI Data)             98256 (  95.95kB)
    Total ROM Size (Code + RO Data + RW Data)      37396 (  36.52kB)

==============================================================================

