<html>
<body>
<pre>
<h1>礦ision Build Log</h1>
<h2>Tool Versions:</h2>
IDE-Version: μVision V5.15
Copyright (C) 2015 ARM Ltd and ARM Germany GmbH. All rights reserved.
License Information: hxx Administrator, hxx, LIC=Y2BTG-VNQER-SFQI0-BHSWR-Y8SHJ-VKF6S
 
Tool Versions:
Toolchain:       MDK-ARM Professional  Version: 5.15.0
Toolchain Path:  C:\Keil_v5.15\ARM\ARMCC\Bin
C Compiler:      Armcc.exe V5.05 update 2 (build 169)
Assembler:       Armasm.exe V5.05 update 2 (build 169)
Linker/Locator:  ArmLink.exe V5.05 update 2 (build 169)
Library Manager: ArmAr.exe V5.05 update 2 (build 169)
Hex Converter:   FromElf.exe V5.05 update 2 (build 169)
CPU DLL:         SARMCM3.DLL V5.15.0
Dialog DLL:      DCM.DLL V1.13.2.0
Target DLL:      CMSIS_AGDI.dll V1.21.12.0
Dialog DLL:      TCM.DLL V1.14.5.0
 
<h2>Project:</h2>
E:\Workspace\work\项目04-便携式地面站\软件\demo\project\mdk\demo.uvprojx
Project File Date:  03/11/2019

<h2>Output:</h2>
*** Using Compiler 'V5.05 update 2 (build 169)', folder: 'C:\Keil_v5.15\ARM\ARMCC\Bin'
Build target 'Target 1'
compiling app_emmc.c...
..\..\user\app\app_emmc.c(124): warning:  #550-D: variable "dt_us" was set but never used
      static uint64_t dt_us = 0;
..\..\user\app\app_emmc.c: 1 warning, 0 errors
linking...
Program Size: Code=36358 RO-data=1018 RW-data=344 ZI-data=97912  
FromELF: creating hex file...
".\Objects\demo.axf" - 0 Error(s), 1 Warning(s).

<h2>Collection of Component include folders:</h2>
  E:\Workspace\work\项目04-便携式地面站\软件\demo\project\mdk\RTE
  C:\Keil_v5.15\ARM\PACK\Keil\STM32F4xx_DFP\2.5.0\Drivers\CMSIS\Device\ST\STM32F4xx\Include

<h2>Collection of Component Files used:</h2>
</pre>
</body>
</html>
